Archive member included to satisfy reference by file (symbol)

C:/ST/STM32CubeIDE_1.17.0/STM32CubeIDE/plugins/com.st.stm32cube.ide.mcu.externaltools.gnu-tools-for-stm32.12.3.rel1.win32_1.1.0.202410251130/tools/bin/../lib/gcc/arm-none-eabi/12.3.1/../../../../arm-none-eabi/lib/thumb/v7-m/nofp\libc_nano.a(libc_a-exit.o)
                              C:/ST/STM32CubeIDE_1.17.0/STM32CubeIDE/plugins/com.st.stm32cube.ide.mcu.externaltools.gnu-tools-for-stm32.12.3.rel1.win32_1.1.0.202410251130/tools/bin/../lib/gcc/arm-none-eabi/12.3.1/../../../../arm-none-eabi/lib/thumb/v7-m/nofp/crt0.o (exit)
C:/ST/STM32CubeIDE_1.17.0/STM32CubeIDE/plugins/com.st.stm32cube.ide.mcu.externaltools.gnu-tools-for-stm32.12.3.rel1.win32_1.1.0.202410251130/tools/bin/../lib/gcc/arm-none-eabi/12.3.1/../../../../arm-none-eabi/lib/thumb/v7-m/nofp\libc_nano.a(libc_a-nano-vfprintf_float.o)
                              (_printf_float)
C:/ST/STM32CubeIDE_1.17.0/STM32CubeIDE/plugins/com.st.stm32cube.ide.mcu.externaltools.gnu-tools-for-stm32.12.3.rel1.win32_1.1.0.202410251130/tools/bin/../lib/gcc/arm-none-eabi/12.3.1/../../../../arm-none-eabi/lib/thumb/v7-m/nofp\libc_nano.a(libc_a-nano-vfprintf_i.o)
                              C:/ST/STM32CubeIDE_1.17.0/STM32CubeIDE/plugins/com.st.stm32cube.ide.mcu.externaltools.gnu-tools-for-stm32.12.3.rel1.win32_1.1.0.202410251130/tools/bin/../lib/gcc/arm-none-eabi/12.3.1/../../../../arm-none-eabi/lib/thumb/v7-m/nofp\libc_nano.a(libc_a-nano-vfprintf_float.o) (_printf_common)
C:/ST/STM32CubeIDE_1.17.0/STM32CubeIDE/plugins/com.st.stm32cube.ide.mcu.externaltools.gnu-tools-for-stm32.12.3.rel1.win32_1.1.0.202410251130/tools/bin/../lib/gcc/arm-none-eabi/12.3.1/../../../../arm-none-eabi/lib/thumb/v7-m/nofp\libc_nano.a(libc_a-findfp.o)
                              C:/ST/STM32CubeIDE_1.17.0/STM32CubeIDE/plugins/com.st.stm32cube.ide.mcu.externaltools.gnu-tools-for-stm32.12.3.rel1.win32_1.1.0.202410251130/tools/bin/../lib/gcc/arm-none-eabi/12.3.1/../../../../arm-none-eabi/lib/thumb/v7-m/nofp\libc_nano.a(libc_a-exit.o) (__stdio_exit_handler)
C:/ST/STM32CubeIDE_1.17.0/STM32CubeIDE/plugins/com.st.stm32cube.ide.mcu.externaltools.gnu-tools-for-stm32.12.3.rel1.win32_1.1.0.202410251130/tools/bin/../lib/gcc/arm-none-eabi/12.3.1/../../../../arm-none-eabi/lib/thumb/v7-m/nofp\libc_nano.a(libc_a-fwalk.o)
                              C:/ST/STM32CubeIDE_1.17.0/STM32CubeIDE/plugins/com.st.stm32cube.ide.mcu.externaltools.gnu-tools-for-stm32.12.3.rel1.win32_1.1.0.202410251130/tools/bin/../lib/gcc/arm-none-eabi/12.3.1/../../../../arm-none-eabi/lib/thumb/v7-m/nofp\libc_nano.a(libc_a-findfp.o) (_fwalk_sglue)
C:/ST/STM32CubeIDE_1.17.0/STM32CubeIDE/plugins/com.st.stm32cube.ide.mcu.externaltools.gnu-tools-for-stm32.12.3.rel1.win32_1.1.0.202410251130/tools/bin/../lib/gcc/arm-none-eabi/12.3.1/../../../../arm-none-eabi/lib/thumb/v7-m/nofp\libc_nano.a(libc_a-printf.o)
                              ./Core/Src/main.o (printf)
C:/ST/STM32CubeIDE_1.17.0/STM32CubeIDE/plugins/com.st.stm32cube.ide.mcu.externaltools.gnu-tools-for-stm32.12.3.rel1.win32_1.1.0.202410251130/tools/bin/../lib/gcc/arm-none-eabi/12.3.1/../../../../arm-none-eabi/lib/thumb/v7-m/nofp\libc_nano.a(libc_a-puts.o)
                              ./Core/Src/main.o (puts)
C:/ST/STM32CubeIDE_1.17.0/STM32CubeIDE/plugins/com.st.stm32cube.ide.mcu.externaltools.gnu-tools-for-stm32.12.3.rel1.win32_1.1.0.202410251130/tools/bin/../lib/gcc/arm-none-eabi/12.3.1/../../../../arm-none-eabi/lib/thumb/v7-m/nofp\libc_nano.a(libc_a-sprintf.o)
                              ./Core/Src/main.o (sprintf)
C:/ST/STM32CubeIDE_1.17.0/STM32CubeIDE/plugins/com.st.stm32cube.ide.mcu.externaltools.gnu-tools-for-stm32.12.3.rel1.win32_1.1.0.202410251130/tools/bin/../lib/gcc/arm-none-eabi/12.3.1/../../../../arm-none-eabi/lib/thumb/v7-m/nofp\libc_nano.a(libc_a-stdio.o)
                              C:/ST/STM32CubeIDE_1.17.0/STM32CubeIDE/plugins/com.st.stm32cube.ide.mcu.externaltools.gnu-tools-for-stm32.12.3.rel1.win32_1.1.0.202410251130/tools/bin/../lib/gcc/arm-none-eabi/12.3.1/../../../../arm-none-eabi/lib/thumb/v7-m/nofp\libc_nano.a(libc_a-findfp.o) (__sread)
C:/ST/STM32CubeIDE_1.17.0/STM32CubeIDE/plugins/com.st.stm32cube.ide.mcu.externaltools.gnu-tools-for-stm32.12.3.rel1.win32_1.1.0.202410251130/tools/bin/../lib/gcc/arm-none-eabi/12.3.1/../../../../arm-none-eabi/lib/thumb/v7-m/nofp\libc_nano.a(libc_a-wbuf.o)
                              C:/ST/STM32CubeIDE_1.17.0/STM32CubeIDE/plugins/com.st.stm32cube.ide.mcu.externaltools.gnu-tools-for-stm32.12.3.rel1.win32_1.1.0.202410251130/tools/bin/../lib/gcc/arm-none-eabi/12.3.1/../../../../arm-none-eabi/lib/thumb/v7-m/nofp\libc_nano.a(libc_a-puts.o) (__swbuf_r)
C:/ST/STM32CubeIDE_1.17.0/STM32CubeIDE/plugins/com.st.stm32cube.ide.mcu.externaltools.gnu-tools-for-stm32.12.3.rel1.win32_1.1.0.202410251130/tools/bin/../lib/gcc/arm-none-eabi/12.3.1/../../../../arm-none-eabi/lib/thumb/v7-m/nofp\libc_nano.a(libc_a-wsetup.o)
[...]
Memory Configuration

Name             Origin             Length             Attributes
RAM              0x20000000         0x00014000         xrw
FLASH            0x08000000         0x00080000         xr
*default*        0x00000000         0xffffffff

Linker script and memory map

LOAD C:/ST/STM32CubeIDE_1.17.0/STM32CubeIDE/plugins/com.st.stm32cube.ide.mcu.externaltools.gnu-tools-for-stm32.12.3.rel1.win32_1.1.0.202410251130/tools/bin/../lib/gcc/arm-none-eabi/12.3.1/thumb/v7-m/nofp/crti.o
LOAD C:/ST/STM32CubeIDE_1.17.0/STM32CubeIDE/plugins/com.st.stm32cube.ide.mcu.externaltools.gnu-tools-for-stm32.12.3.rel1.win32_1.1.0.202410251130/tools/bin/../lib/gcc/arm-none-eabi/12.3.1/thumb/v7-m/nofp/crtbegin.o
LOAD C:/ST/STM32CubeIDE_1.17.0/STM32CubeIDE/plugins/com.st.stm32cube.ide.mcu.externaltools.gnu-tools-for-stm32.12.3.rel1.win32_1.1.0.202410251130/tools/bin/../lib/gcc/arm-none-eabi/12.3.1/../../../../arm-none-eabi/lib/thumb/v7-m/nofp/crt0.o
LOAD ./Core/Src/main.o
LOAD ./Core/Src/stm32l1xx_hal_msp.o
LOAD ./Core/Src/stm32l1xx_it.o
LOAD ./Core/Src/stm32l1xx_nucleo_bus.o
LOAD ./Core/Src/syscalls.o
LOAD ./Core/Src/sysmem.o
LOAD ./Core/Src/system_stm32l1xx.o
LOAD ./Core/Startup/startup_stm32l152retx.o
LOAD ./Drivers/BSP/Components/hts221/hts221.o
LOAD ./Drivers/BSP/Components/hts221/hts221_reg.o
LOAD ./Drivers/BSP/Components/lis2dw12/lis2dw12.o
LOAD ./Drivers/BSP/Components/lis2dw12/lis2dw12_reg.o
LOAD ./Drivers/BSP/Components/lis2mdl/lis2mdl.o
LOAD ./Drivers/BSP/Components/lis2mdl/lis2mdl_reg.o
LOAD ./Drivers/BSP/Components/lps22hh/lps22hh.o
LOAD ./Drivers/BSP/Components/lps22hh/lps22hh_reg.o
LOAD ./Drivers/BSP/Components/lsm6dso/lsm6dso.o
LOAD ./Drivers/BSP/Components/lsm6dso/lsm6dso_reg.o
LOAD ./Drivers/BSP/Components/stts751/stts751.o
LOAD ./Drivers/BSP/Components/stts751/stts751_reg.o
LOAD ./Drivers/BSP/IKS01A3/iks01a3_env_sensors.o
LOAD ./Drivers/BSP/IKS01A3/iks01a3_env_sensors_ex.o
LOAD ./Drivers/BSP/IKS01A3/iks01a3_motion_sensors.o
LOAD ./Drivers/BSP/IKS01A3/iks01a3_motion_sensors_ex.o
LOAD ./Drivers/STM32L1xx_HAL_Driver/Src/stm32l1xx_hal.o
LOAD ./Drivers/STM32L1xx_HAL_Driver/Src/stm32l1xx_hal_cortex.o
LOAD ./Drivers/STM32L1xx_HAL_Driver/Src/stm32l1xx_hal_dma.o
LOAD ./Drivers/STM32L1xx_HAL_Driver/Src/stm32l1xx_hal_exti.o
LOAD ./Drivers/STM32L1xx_HAL_Driver/Src/stm32l1xx_hal_flash.o
LOAD ./Drivers/STM32L1xx_HAL_Driver/Src/stm32l1xx_hal_flash_ex.o
LOAD ./Drivers/STM32L1xx_HAL_Driver/Src/stm32l1xx_hal_flash_ramfunc.o
LOAD ./Drivers/STM32L1xx_HAL_Driver/Src/stm32l1xx_hal_gpio.o
LOAD ./Drivers/STM32L1xx_HAL_Driver/Src/stm32l1xx_hal_i2c.o
LOAD ./Drivers/STM32L1xx_HAL_Driver/Src/stm32l1xx_hal_pwr.o
LOAD ./Drivers/STM32L1xx_HAL_Driver/Src/stm32l1xx_hal_pwr_ex.o
LOAD ./Drivers/STM32L1xx_HAL_Driver/Src/stm32l1xx_hal_rcc.o
LOAD ./Drivers/STM32L1xx_HAL_Driver/Src/stm32l1xx_hal_rcc_ex.o
LOAD ./Drivers/STM32L1xx_HAL_Driver/Src/stm32l1xx_hal_uart.o
START GROUP
LOAD C:/ST/STM32CubeIDE_1.17.0/STM32CubeIDE/plugins/com.st.stm32cube.ide.mcu.externaltools.gnu-tools-for-stm32.12.3.rel1.win32_1.1.0.202410251130/tools/bin/../lib/gcc/arm-none-eabi/12.3.1/../../../../arm-none-eabi/lib/thumb/v7-m/nofp\libc_nano.a
LOAD C:/ST/STM32CubeIDE_1.17.0/STM32CubeIDE/plugins/com.st.stm32cube.ide.mcu.externaltools.gnu-tools-for-stm32.12.3.rel1.win32_1.1.0.202410251130/tools/bin/../lib/gcc/arm-none-eabi/12.3.1/../../../../arm-none-eabi/lib/thumb/v7-m/nofp\libm.a
END GROUP
START GROUP
LOAD C:/ST/STM32CubeIDE_1.17.0/STM32CubeIDE/plugins/com.st.stm32cube.ide.mcu.externaltools.gnu-tools-for-stm32.12.3.rel1.win32_1.1.0.202410251130/tools/bin/../lib/gcc/arm-none-eabi/12.3.1/thumb/v7-m/nofp\libgcc.a
LOAD C:/ST/STM32CubeIDE_1.17.0/STM32CubeIDE/plugins/com.st.stm32cube.ide.mcu.externaltools.gnu-tools-for-stm32.12.3.rel1.win32_1.1.0.202410251130/tools/bin/../lib/gcc/arm-none-eabi/12.3.1/../../../../arm-none-eabi/lib/thumb/v7-m/nofp\libc_nano.a
END GROUP
START GROUP
LOAD C:/ST/STM32CubeIDE_1.17.0/STM32CubeIDE/plugins/com.st.stm32cube.ide.mcu.externaltools.gnu-tools-for-stm32.12.3.rel1.win32_1.1.0.202410251130/tools/bin/../lib/gcc/arm-none-eabi/12.3.1/thumb/v7-m/nofp\libgcc.a
LOAD C:/ST/STM32CubeIDE_1.17.0/STM32CubeIDE/plugins/com.st.stm32cube.ide.mcu.externaltools.gnu-tools-for-stm32.12.3.rel1.win32_1.1.0.202410251130/tools/bin/../lib/gcc/arm-none-eabi/12.3.1/../../../../arm-none-eabi/lib/thumb/v7-m/nofp\libc_nano.a
LOAD C:/ST/STM32CubeIDE_1.17.0/STM32CubeIDE/plugins/com.st.stm32cube.ide.mcu.externaltools.gnu-tools-for-stm32.12.3.rel1.win32_1.1.0.202410251130/tools/bin/../lib/gcc/arm-none-eabi/12.3.1/../../../../arm-none-eabi/lib/thumb/v7-m/nofp\libnosys.a
END GROUP
START GROUP
LOAD C:/ST/STM32CubeIDE_1.17.0/STM32CubeIDE/plugins/com.st.stm32cube.ide.mcu.externaltools.gnu-tools-for-stm32.12.3.rel1.win32_1.1.0.202410251130/tools/bin/../lib/gcc/arm-none-eabi/12.3.1/thumb/v7-m/nofp\libgcc.a
LOAD C:/ST/STM32CubeIDE_1.17.0/STM32CubeIDE/plugins/com.st.stm32cube.ide.mcu.externaltools.gnu-tools-for-stm32.12.3.rel1.win32_1.1.0.202410251130/tools/bin/../lib/gcc/arm-none-eabi/12.3.1/../../../../arm-none-eabi/lib/thumb/v7-m/nofp\libc_nano.a
LOAD C:/ST/STM32CubeIDE_1.17.0/STM32CubeIDE/plugins/com.st.stm32cube.ide.mcu.externaltools.gnu-tools-for-stm32.12.3.rel1.win32_1.1.0.202410251130/tools/bin/../lib/gcc/arm-none-eabi/12.3.1/../../../../arm-none-eabi/lib/thumb/v7-m/nofp\libnosys.a
END GROUP
LOAD C:/ST/STM32CubeIDE_1.17.0/STM32CubeIDE/plugins/com.st.stm32cube.ide.mcu.externaltools.gnu-tools-for-stm32.12.3.rel1.win32_1.1.0.202410251130/tools/bin/../lib/gcc/arm-none-eabi/12.3.1/thumb/v7-m/nofp/crtend.o
LOAD C:/ST/STM32CubeIDE_1.17.0/STM32CubeIDE/plugins/com.st.stm32cube.ide.mcu.externaltools.gnu-tools-for-stm32.12.3.rel1.win32_1.1.0.202410251130/tools/bin/../lib/gcc/arm-none-eabi/12.3.1/thumb/v7-m/nofp/crtn.o
                0x20014000                        _estack = (ORIGIN (RAM) + LENGTH (RAM))
                0x00000200                        _Min_Heap_Size = 0x200
                0x00000400                        _Min_Stack_Size = 0x400

.isr_vector     0x08000000      0x13c
                0x08000000                        . = ALIGN (0x4)
 *(.isr_vector)
 .isr_vector    0x08000000      0x13c ./Core/Startup/startup_stm32l152retx.o
                0x08000000                g_pfnVectors
                0x0800013c                        . = ALIGN (0x4)

.text           0x08000140     0xe3a8
                0x08000140                        . = ALIGN (0x4)
 *(.text)
 .text          0x08000140       0x40 C:/ST/STM32CubeIDE_1.17.0/STM32CubeIDE/plugins/com.st.stm32cube.ide.mcu.externaltools.gnu-tools-for-stm32.12.3.rel1.win32_1.1.0.202410251130/tools/bin/../lib/gcc/arm-none-eabi/12.3.1/thumb/v7-m/nofp/crtbegin.o
 .text          0x08000180       0x10 C:/ST/STM32CubeIDE_1.17.0/STM32CubeIDE/plugins/com.st.stm32cube.ide.mcu.externaltools.gnu-tools-for-stm32.12.3.rel1.win32_1.1.0.202410251130/tools/bin/../lib/gcc/arm-none-eabi/12.3.1/../../../../arm-none-eabi/lib/thumb/v7-m/nofp\libc_nano.a(libc_a-strlen.o)
                0x08000180                strlen
 .text          0x08000190      0x378 C:/ST/STM32CubeIDE_1.17.0/STM32CubeIDE/plugins/com.st.stm32cube.ide.mcu.externaltools.gnu-tools-for-stm32.12.3.rel1.win32_1.1.0.202410251130/tools/bin/../lib/gcc/arm-none-eabi/12.3.1/thumb/v7-m/nofp\libgcc.a(_arm_addsubdf3.o)
                0x08000190                __aeabi_drsub
                0x08000198                __aeabi_dsub
                0x08000198                __subdf3
                0x0800019c                __aeabi_dadd
                0x0800019c                __adddf3
                0x08000414                __floatunsidf
                0x08000414                __aeabi_ui2d
                0x08000434                __floatsidf
                0x08000434                __aeabi_i2d
                0x08000458                __aeabi_f2d
                0x08000458                __extendsfdf2
                0x0800049c                __floatundidf
                0x0800049c                __aeabi_ul2d
                0x080004ac                __floatdidf
                0x080004ac                __aeabi_l2d
 .text          0x08000508      0x424 C:/ST/STM32CubeIDE_1.17.0/STM32CubeIDE/plugins/com.st.stm32cube.ide.mcu.externaltools.gnu-tools-for-stm32.12.3.rel1.win32_1.1.0.202410251130/tools/bin/../lib/gcc/arm-none-eabi/12.3.1/thumb/v7-m/nofp\libgcc.a(_arm_muldivdf3.o)
                0x08000508                __aeabi_dmul
                0x08000508                __muldf3
                0x0800075c                __divdf3
                0x0800075c                __aeabi_ddiv
 .text          0x0800092c      0x110 C:/ST/STM32CubeIDE_1.17.0/STM32CubeIDE/plugins/com.st.stm32cube.ide.mcu.externaltools.gnu-tools-for-stm32.12.3.rel1.win32_1.1.0.202410251130/tools/bin/../lib/gcc/arm-none-eabi/12.3.1/thumb/v7-m/nofp\libgcc.a(_arm_cmpdf2.o)
                0x0800092c                __gtdf2
                0x0800092c                __gedf2
                0x08000934                __ltdf2
                0x08000934                __ledf2
                0x0800093c                __nedf2
                0x0800093c                __eqdf2
                0x0800093c                __cmpdf2
                0x080009b8                __aeabi_cdrcmple
                0x080009c8                __aeabi_cdcmpeq
                0x080009c8                __aeabi_cdcmple
                0x080009d8                __aeabi_dcmpeq
                0x080009ec                __aeabi_dcmplt
                0x08000a00                __aeabi_dcmple
                0x08000a14                __aeabi_dcmpge
                0x08000a28                __aeabi_dcmpgt
 .text          0x08000a3c       0x2c C:/ST/STM32CubeIDE_1.17.0/STM32CubeIDE/plugins/com.st.stm32cube.ide.mcu.externaltools.gnu-tools-for-stm32.12.3.rel1.win32_1.1.0.202410251130/tools/bin/../lib/gcc/arm-none-eabi/12.3.1/thumb/v7-m/nofp\libgcc.a(_arm_unorddf2.o)
                0x08000a3c                __unorddf2
                0x08000a3c                __aeabi_dcmpun
 .text          0x08000a68       0x50 C:/ST/STM32CubeIDE_1.17.0/STM32CubeIDE/plugins/com.st.stm32cube.ide.mcu.externaltools.gnu-tools-for-stm32.12.3.rel1.win32_1.1.0.202410251130/tools/bin/../lib/gcc/arm-none-eabi/12.3.1/thumb/v7-m/nofp\libgcc.a(_arm_fixdfsi.o)
                0x08000a68                __aeabi_d2iz
                0x08000a68                __fixdfsi
 .text          0x08000ab8      0x21c C:/ST/STM32CubeIDE_1.17.0/STM32CubeIDE/plugins/com.st.stm32cube.ide.mcu.externaltools.gnu-tools-for-stm32.12.3.rel1.win32_1.1.0.202410251130/tools/bin/../lib/gcc/arm-none-eabi/12.3.1/thumb/v7-m/nofp\libgcc.a(_arm_addsubsf3.o)
                0x08000ab8                __aeabi_frsub
                0x08000ac0                __subsf3
                0x08000ac0                __aeabi_fsub
                0x08000ac4                __aeabi_fadd
                0x08000ac4                __addsf3
                0x08000c24                __aeabi_ui2f
                0x08000c24                __floatunsisf
                0x08000c2c                __aeabi_i2f
                0x08000c2c                __floatsisf
                0x08000c48                __aeabi_ul2f
                0x08000c48                __floatundisf
                0x08000c58                __aeabi_l2f
                0x08000c58                __floatdisf
 .text          0x08000cd4      0x2a0 C:/ST/STM32CubeIDE_1.17.0/STM32CubeIDE/plugins/com.st.stm32cube.ide.mcu.externaltools.gnu-tools-for-stm32.12.3.rel1.win32_1.1.0.202410251130/tools/bin/../lib/gcc/arm-none-eabi/12.3.1/thumb/v7-m/nofp\libgcc.a(_arm_muldivsf3.o)
                0x08000cd4                __mulsf3
                0x08000cd4                __aeabi_fmul
                0x08000e3c                __aeabi_fdiv
                0x08000e3c                __divsf3
 .text          0x08000f74       0xec C:/ST/STM32CubeIDE_1.17.0/STM32CubeIDE/plugins/com.st.stm32cube.ide.mcu.externaltools.gnu-tools-for-stm32.12.3.rel1.win32_1.1.0.202410251130/tools/bin/../lib/gcc/arm-none-eabi/12.3.1/thumb/v7-m/nofp\libgcc.a(_arm_cmpsf2.o)
                0x08000f74                __gesf2
                0x08000f74                __gtsf2
                0x08000f7c                __lesf2
                0x08000f7c                __ltsf2
                0x08000f84                __nesf2
                0x08000f84                __eqsf2
                0x08000f84                __cmpsf2
                0x08000fe4                __aeabi_cfrcmple
                0x08000fec                __aeabi_cfcmpeq
                0x08000fec                __aeabi_cfcmple
                0x08000ffc                __aeabi_fcmpeq
                0x08001010                __aeabi_fcmplt
                0x08001024                __aeabi_fcmple
                0x08001038                __aeabi_fcmpge
                0x0800104c                __aeabi_fcmpgt
 .text          0x08001060       0x4c C:/ST/STM32CubeIDE_1.17.0/STM32CubeIDE/plugins/com.st.stm32cube.ide.mcu.externaltools.gnu-tools-for-stm32.12.3.rel1.win32_1.1.0.202410251130/tools/bin/../lib/gcc/arm-none-eabi/12.3.1/thumb/v7-m/nofp\libgcc.a(_arm_fixsfsi.o)
                0x08001060                __aeabi_f2iz
                0x08001060                __fixsfsi
 .text          0x080010ac       0x30 C:/ST/STM32CubeIDE_1.17.0/STM32CubeIDE/plugins/com.st.stm32cube.ide.mcu.externaltools.gnu-tools-for-stm32.12.3.rel1.win32_1.1.0.202410251130/tools/bin/../lib/gcc/arm-none-eabi/12.3.1/thumb/v7-m/nofp\libgcc.a(_aeabi_uldivmod.o)
                0x080010ac                __aeabi_uldivmod
 .text          0x080010dc      0x2b8 C:/ST/STM32CubeIDE_1.17.0/STM32CubeIDE/plugins/com.st.stm32cube.ide.mcu.externaltools.gnu-tools-for-stm32.12.3.rel1.win32_1.1.0.202410251130/tools/bin/../lib/gcc/arm-none-eabi/12.3.1/thumb/v7-m/nofp\libgcc.a(_udivmoddi4.o)
                0x080010dc                __udivmoddi4
 .text          0x08001394        0x4 C:/ST/STM32CubeIDE_1.17.0/STM32CubeIDE/plugins/com.st.stm32cube.ide.mcu.externaltools.gnu-tools-for-stm32.12.3.rel1.win32_1.1.0.202410251130/tools/bin/../lib/gcc/arm-none-eabi/12.3.1/thumb/v7-m/nofp\libgcc.a(_dvmd_tls.o)
                0x08001394                __aeabi_idiv0
                0x08001394                __aeabi_ldiv0
 *(.text*)
 .text.main     0x08001398       0xe4 ./Core/Src/main.o
                0x08001398                main
 .text.SystemClock_Config
                0x0800147c       0x9c ./Core/Src/main.o
                0x0800147c                SystemClock_Config
 .text.MX_USART2_UART_Init
                0x08001518       0x54 ./Core/Src/main.o
 .text.MX_GPIO_Init
                0x0800156c       0xcc ./Core/Src/main.o
 .text.__io_putchar
                0x08001638       0x24 ./Core/Src/main.o
                0x08001638                __io_putchar
 .text.floatToIntParts
                0x0800165c       0x64 ./Core/Src/main.o
                0x0800165c                floatToIntParts
 .text.Error_Handler
                0x080016c0        0xc ./Core/Src/main.o
                0x080016c0                Error_Handler
 .text.HAL_MspInit
                0x080016cc       0x60 ./Core/Src/stm32l1xx_hal_msp.o
                0x080016cc                HAL_MspInit
 .text.HAL_UART_MspInit
                0x0800172c       0x88 ./Core/Src/stm32l1xx_hal_msp.o
                0x0800172c                HAL_UART_MspInit
 .text.NMI_Handler
                0x080017b4        0x8 ./Core/Src/stm32l1xx_it.o
                0x080017b4                NMI_Handler
 .text.HardFault_Handler
                0x080017bc        0x8 ./Core/Src/stm32l1xx_it.o
                0x080017bc                HardFault_Handler
 .text.MemManage_Handler
                0x080017c4        0x8 ./Core/Src/stm32l1xx_it.o
                0x080017c4                MemManage_Handler
 .text.BusFault_Handler
                0x080017cc        0x8 ./Core/Src/stm32l1xx_it.o
                0x080017cc                BusFault_Handler
 .text.UsageFault_Handler
                0x080017d4        0x8 ./Core/Src/stm32l1xx_it.o
                0x080017d4                UsageFault_Handler
 .text.SVC_Handler
                0x080017dc        0xc ./Core/Src/stm32l1xx_it.o
                0x080017dc                SVC_Handler
 .text.DebugMon_Handler
                0x080017e8        0xc ./Core/Src/stm32l1xx_it.o
                0x080017e8                DebugMon_Handler
 .text.PendSV_Handler
                0x080017f4        0xc ./Core/Src/stm32l1xx_it.o
                0x080017f4                PendSV_Handler
 .text.SysTick_Handler
                0x08001800        0xc ./Core/Src/stm32l1xx_it.o
                0x08001800                SysTick_Handler
 .text.BSP_I2C1_Init
                0x0800180c       0x64 ./Core/Src/stm32l1xx_nucleo_bus.o
                0x0800180c                BSP_I2C1_Init
 .text.BSP_I2C1_DeInit
                0x08001870       0x50 ./Core/Src/stm32l1xx_nucleo_bus.o
                0x08001870                BSP_I2C1_DeInit
 .text.BSP_I2C1_WriteReg
                0x080018c0       0x64 ./Core/Src/stm32l1xx_nucleo_bus.o
                0x080018c0                BSP_I2C1_WriteReg
 .text.BSP_I2C1_ReadReg
                0x08001924       0x64 ./Core/Src/stm32l1xx_nucleo_bus.o
                0x08001924                BSP_I2C1_ReadReg
 .text.BSP_GetTick
                0x08001988        0xe ./Core/Src/stm32l1xx_nucleo_bus.o
                0x08001988                BSP_GetTick
 *fill*         0x08001996        0x2 
 .text.MX_I2C1_Init
                0x08001998       0x68 ./Core/Src/stm32l1xx_nucleo_bus.o
                0x08001998                MX_I2C1_Init
 .text.I2C1_MspInit
                0x08001a00       0x8c ./Core/Src/stm32l1xx_nucleo_bus.o
 .text.I2C1_MspDeInit
                0x08001a8c       0x38 ./Core/Src/stm32l1xx_nucleo_bus.o
 .text._getpid  0x08001ac4        0xe ./Core/Src/syscalls.o
                0x08001ac4                _getpid
 .text._kill    0x08001ad2       0x20 ./Core/Src/syscalls.o
                0x08001ad2                _kill
 .text._exit    0x08001af2       0x16 ./Core/Src/syscalls.o
                0x08001af2                _exit
 .text._read    0x08001b08       0x3a ./Core/Src/syscalls.o
                0x08001b08                _read
 .text._write   0x08001b42       0x38 ./Core/Src/syscalls.o
                0x08001b42                _write
 .text._close   0x08001b7a       0x16 ./Core/Src/syscalls.o
                0x08001b7a                _close
 .text._fstat   0x08001b90       0x1e ./Core/Src/syscalls.o
                0x08001b90                _fstat
 .text._isatty  0x08001bae       0x14 ./Core/Src/syscalls.o
                0x08001bae                _isatty
 .text._lseek   0x08001bc2       0x18 ./Core/Src/syscalls.o
                0x08001bc2                _lseek
 *fill*         0x08001bda        0x2 
 .text._sbrk    0x08001bdc       0x6c ./Core/Src/sysmem.o
                0x08001bdc                _sbrk
 .text.SystemInit
                0x08001c48        0xc ./Core/Src/system_stm32l1xx.o
                0x08001c48                SystemInit
 .text.Reset_Handler
                0x08001c54       0x48 ./Core/Startup/startup_stm32l152retx.o
                0x08001c54                Reset_Handler
 .text.Default_Handler
                0x08001c9c        0x2 ./Core/Startup/startup_stm32l152retx.o
                0x08001c9c                RTC_Alarm_IRQHandler
                0x08001c9c                EXTI2_IRQHandler
                0x08001c9c                COMP_ACQ_IRQHandler
                0x08001c9c                TIM10_IRQHandler
                0x08001c9c                USB_HP_IRQHandler
                0x08001c9c                TIM6_IRQHandler
                0x08001c9c                PVD_IRQHandler
                0x08001c9c                EXTI3_IRQHandler
                0x08001c9c                EXTI0_IRQHandler
                0x08001c9c                I2C2_EV_IRQHandler
                0x08001c9c                SPI1_IRQHandler
                0x08001c9c                USB_FS_WKUP_IRQHandler
                0x08001c9c                DMA2_Channel2_IRQHandler
                0x08001c9c                DMA1_Channel4_IRQHandler
                0x08001c9c                ADC1_IRQHandler
                0x08001c9c                USART3_IRQHandler
                0x08001c9c                DMA1_Channel7_IRQHandler
                0x08001c9c                LCD_IRQHandler
                0x08001c9c                UART5_IRQHandler
                0x08001c9c                TIM4_IRQHandler
                0x08001c9c                DMA2_Channel1_IRQHandler
                0x08001c9c                I2C1_EV_IRQHandler
                0x08001c9c                DMA1_Channel6_IRQHandler
                0x08001c9c                UART4_IRQHandler
                0x08001c9c                DMA2_Channel4_IRQHandler
                0x08001c9c                TIM3_IRQHandler
                0x08001c9c                RCC_IRQHandler
                0x08001c9c                DMA1_Channel1_IRQHandler
                0x08001c9c                Default_Handler
                0x08001c9c                EXTI15_10_IRQHandler
                0x08001c9c                TIM7_IRQHandler
                0x08001c9c                TIM5_IRQHandler
                0x08001c9c                EXTI9_5_IRQHandler
                0x08001c9c                TIM9_IRQHandler
                0x08001c9c                TAMPER_STAMP_IRQHandler
                0x08001c9c                RTC_WKUP_IRQHandler
                0x08001c9c                SPI2_IRQHandler
                0x08001c9c                DMA2_Channel5_IRQHandler
                0x08001c9c                DMA1_Channel5_IRQHandler
                0x08001c9c                USB_LP_IRQHandler
                0x08001c9c                EXTI4_IRQHandler
                0x08001c9c                DMA1_Channel3_IRQHandler
                0x08001c9c                COMP_IRQHandler
                0x08001c9c                WWDG_IRQHandler
                0x08001c9c                TIM2_IRQHandler
                0x08001c9c                DAC_IRQHandler
                0x08001c9c                EXTI1_IRQHandler
                0x08001c9c                TIM11_IRQHandler
                0x08001c9c                USART2_IRQHandler
                0x08001c9c                I2C2_ER_IRQHandler
                0x08001c9c                DMA1_Channel2_IRQHandler
                0x08001c9c                FLASH_IRQHandler
                0x08001c9c                USART1_IRQHandler
                0x08001c9c                SPI3_IRQHandler
                0x08001c9c                I2C1_ER_IRQHandler
                0x08001c9c                DMA2_Channel3_IRQHandler
 *fill*         0x08001c9e        0x2 
 .text.HTS221_RegisterBusIO
                0x08001ca0       0x94 ./Drivers/BSP/Components/hts221/hts221.o
                0x08001ca0                HTS221_RegisterBusIO
 .text.HTS221_Init
                0x08001d34       0x36 ./Drivers/BSP/Components/hts221/hts221.o
                0x08001d34                HTS221_Init
 .text.HTS221_DeInit
                0x08001d6a       0x48 ./Drivers/BSP/Components/hts221/hts221.o
                0x08001d6a                HTS221_DeInit
 .text.HTS221_ReadID
                0x08001db2       0x2c ./Drivers/BSP/Components/hts221/hts221.o
                0x08001db2                HTS221_ReadID
 *fill*         0x08001dde        0x2 
 .text.HTS221_GetCapabilities
                0x08001de0       0x54 ./Drivers/BSP/Components/hts221/hts221.o
                0x08001de0                HTS221_GetCapabilities
 .text.HTS221_HUM_Enable
                0x08001e34       0x4a ./Drivers/BSP/Components/hts221/hts221.o
                0x08001e34                HTS221_HUM_Enable
 .text.HTS221_HUM_Disable
                0x08001e7e       0x4a ./Drivers/BSP/Components/hts221/hts221.o
                0x08001e7e                HTS221_HUM_Disable
 .text.HTS221_HUM_GetOutputDataRate
                0x08001ec8       0x1c ./Drivers/BSP/Components/hts221/hts221.o
                0x08001ec8                HTS221_HUM_GetOutputDataRate
 .text.HTS221_HUM_SetOutputDataRate
                0x08001ee4       0x1c ./Drivers/BSP/Components/hts221/hts221.o
                0x08001ee4                HTS221_HUM_SetOutputDataRate
 .text.HTS221_HUM_GetHumidity
                0x08001f00      0x108 ./Drivers/BSP/Components/hts221/hts221.o
                0x08001f00                HTS221_HUM_GetHumidity
 .text.HTS221_TEMP_Enable
                0x08002008       0x4a ./Drivers/BSP/Components/hts221/hts221.o
                0x08002008                HTS221_TEMP_Enable
 .text.HTS221_TEMP_Disable
                0x08002052       0x4a ./Drivers/BSP/Components/hts221/hts221.o
                0x08002052                HTS221_TEMP_Disable
 .text.HTS221_TEMP_GetOutputDataRate
                0x0800209c       0x1c ./Drivers/BSP/Components/hts221/hts221.o
                0x0800209c                HTS221_TEMP_GetOutputDataRate
 .text.HTS221_TEMP_SetOutputDataRate
                0x080020b8       0x1c ./Drivers/BSP/Components/hts221/hts221.o
                0x080020b8                HTS221_TEMP_SetOutputDataRate
 .text.HTS221_TEMP_GetTemperature
                0x080020d4       0xce ./Drivers/BSP/Components/hts221/hts221.o
                0x080020d4                HTS221_TEMP_GetTemperature
 *fill*         0x080021a2        0x2 
 .text.HTS221_GetOutputDataRate
                0x080021a4       0x88 ./Drivers/BSP/Components/hts221/hts221.o
 .text.HTS221_SetOutputDataRate
                0x0800222c       0x5c ./Drivers/BSP/Components/hts221/hts221.o
 .text.HTS221_Initialize
                0x08002288       0x58 ./Drivers/BSP/Components/hts221/hts221.o
 .text.Linear_Interpolation
                0x080022e0       0x88 ./Drivers/BSP/Components/hts221/hts221.o
 .text.ReadRegWrap
                0x08002368       0x62 ./Drivers/BSP/Components/hts221/hts221.o
 .text.WriteRegWrap
                0x080023ca       0x62 ./Drivers/BSP/Components/hts221/hts221.o
 .text.hts221_read_reg
                0x0800242c       0x30 ./Drivers/BSP/Components/hts221/hts221_reg.o
                0x0800242c                hts221_read_reg
 .text.hts221_write_reg
                0x0800245c       0x30 ./Drivers/BSP/Components/hts221/hts221_reg.o
                0x0800245c                hts221_write_reg
 .text.hts221_data_rate_set
                0x0800248c       0x4c ./Drivers/BSP/Components/hts221/hts221_reg.o
                0x0800248c                hts221_data_rate_set
 .text.hts221_data_rate_get
                0x080024d8       0x70 ./Drivers/BSP/Components/hts221/hts221_reg.o
                0x080024d8                hts221_data_rate_get
 .text.hts221_block_data_update_set
                0x08002548       0x4c ./Drivers/BSP/Components/hts221/hts221_reg.o
                0x08002548                hts221_block_data_update_set
 .text.hts221_humidity_raw_get
                0x08002594       0x44 ./Drivers/BSP/Components/hts221/hts221_reg.o
                0x08002594                hts221_humidity_raw_get
 .text.hts221_temperature_raw_get
                0x080025d8       0x44 ./Drivers/BSP/Components/hts221/hts221_reg.o
                0x080025d8                hts221_temperature_raw_get
 .text.hts221_device_id_get
                0x0800261c       0x22 ./Drivers/BSP/Components/hts221/hts221_reg.o
                0x0800261c                hts221_device_id_get
 .text.hts221_power_on_set
                0x0800263e       0x4c ./Drivers/BSP/Components/hts221/hts221_reg.o
                0x0800263e                hts221_power_on_set
 .text.hts221_hum_rh_point_0_get
                0x0800268a       0x40 ./Drivers/BSP/Components/hts221/hts221_reg.o
                0x0800268a                hts221_hum_rh_point_0_get
 .text.hts221_hum_rh_point_1_get
                0x080026ca       0x40 ./Drivers/BSP/Components/hts221/hts221_reg.o
                0x080026ca                hts221_hum_rh_point_1_get
 .text.hts221_temp_deg_point_0_get
                0x0800270a       0x66 ./Drivers/BSP/Components/hts221/hts221_reg.o
                0x0800270a                hts221_temp_deg_point_0_get
 .text.hts221_temp_deg_point_1_get
                0x08002770       0x66 ./Drivers/BSP/Components/hts221/hts221_reg.o
                0x08002770                hts221_temp_deg_point_1_get
 .text.hts221_hum_adc_point_0_get
                0x080027d6       0x42 ./Drivers/BSP/Components/hts221/hts221_reg.o
                0x080027d6                hts221_hum_adc_point_0_get
 .text.hts221_hum_adc_point_1_get
                0x08002818       0x42 ./Drivers/BSP/Components/hts221/hts221_reg.o
                0x08002818                hts221_hum_adc_point_1_get
 .text.hts221_temp_adc_point_0_get
                0x0800285a       0x42 ./Drivers/BSP/Components/hts221/hts221_reg.o
                0x0800285a                hts221_temp_adc_point_0_get
 .text.hts221_temp_adc_point_1_get
                0x0800289c       0x42 ./Drivers/BSP/Components/hts221/hts221_reg.o
                0x0800289c                hts221_temp_adc_point_1_get
 *fill*         0x080028de        0x2 
 .text.LIS2DW12_RegisterBusIO
                0x080028e0       0xd4 ./Drivers/BSP/Components/lis2dw12/lis2dw12.o
                0x080028e0                LIS2DW12_RegisterBusIO
 .text.LIS2DW12_Init
                0x080029b4       0xc4 ./Drivers/BSP/Components/lis2dw12/lis2dw12.o
                0x080029b4                LIS2DW12_Init
 .text.LIS2DW12_DeInit
                0x08002a78       0x44 ./Drivers/BSP/Components/lis2dw12/lis2dw12.o
                0x08002a78                LIS2DW12_DeInit
 .text.LIS2DW12_ReadID
                0x08002abc       0x2c ./Drivers/BSP/Components/lis2dw12/lis2dw12.o
                0x08002abc                LIS2DW12_ReadID
 .text.LIS2DW12_GetCapabilities
                0x08002ae8       0x5c ./Drivers/BSP/Components/lis2dw12/lis2dw12.o
                0x08002ae8                LIS2DW12_GetCapabilities
 .text.LIS2DW12_ACC_Enable
                0x08002b44       0x4a ./Drivers/BSP/Components/lis2dw12/lis2dw12.o
                0x08002b44                LIS2DW12_ACC_Enable
 .text.LIS2DW12_ACC_Disable
                0x08002b8e       0x40 ./Drivers/BSP/Components/lis2dw12/lis2dw12.o
                0x08002b8e                LIS2DW12_ACC_Disable
 *fill*         0x08002bce        0x2 
 .text.LIS2DW12_ACC_GetSensitivity
                0x08002bd0      0x150 ./Drivers/BSP/Components/lis2dw12/lis2dw12.o
                0x08002bd0                LIS2DW12_ACC_GetSensitivity
 .text.LIS2DW12_ACC_GetOutputDataRate
                0x08002d20      0x2fc ./Drivers/BSP/Components/lis2dw12/lis2dw12.o
                0x08002d20                LIS2DW12_ACC_GetOutputDataRate
 .text.LIS2DW12_ACC_SetOutputDataRate
                0x0800301c       0x20 ./Drivers/BSP/Components/lis2dw12/lis2dw12.o
                0x0800301c                LIS2DW12_ACC_SetOutputDataRate
 .text.LIS2DW12_ACC_SetOutputDataRate_With_Mode
                0x0800303c       0x46 ./Drivers/BSP/Components/lis2dw12/lis2dw12.o
                0x0800303c                LIS2DW12_ACC_SetOutputDataRate_With_Mode
 *fill*         0x08003082        0x2 
 .text.LIS2DW12_ACC_GetFullScale
                0x08003084       0x84 ./Drivers/BSP/Components/lis2dw12/lis2dw12.o
                0x08003084                LIS2DW12_ACC_GetFullScale
 .text.LIS2DW12_ACC_SetFullScale
                0x08003108       0x50 ./Drivers/BSP/Components/lis2dw12/lis2dw12.o
                0x08003108                LIS2DW12_ACC_SetFullScale
 .text.LIS2DW12_ACC_GetAxesRaw
                0x08003158      0x104 ./Drivers/BSP/Components/lis2dw12/lis2dw12.o
                0x08003158                LIS2DW12_ACC_GetAxesRaw
 .text.LIS2DW12_ACC_GetAxes
                0x0800325c       0xb6 ./Drivers/BSP/Components/lis2dw12/lis2dw12.o
                0x0800325c                LIS2DW12_ACC_GetAxes
 .text.LIS2DW12_Write_Reg
                0x08003312       0x36 ./Drivers/BSP/Components/lis2dw12/lis2dw12.o
                0x08003312                LIS2DW12_Write_Reg
 .text.LIS2DW12_ACC_SetOutputDataRate_When_Enabled
                0x08003348      0x204 ./Drivers/BSP/Components/lis2dw12/lis2dw12.o
 .text.LIS2DW12_ACC_SetOutputDataRate_When_Disabled
                0x0800354c       0xec ./Drivers/BSP/Components/lis2dw12/lis2dw12.o
 .text.ReadRegWrap
                0x08003638       0x36 ./Drivers/BSP/Components/lis2dw12/lis2dw12.o
 .text.WriteRegWrap
                0x0800366e       0x36 ./Drivers/BSP/Components/lis2dw12/lis2dw12.o
 .text.lis2dw12_read_reg
                0x080036a4       0x30 ./Drivers/BSP/Components/lis2dw12/lis2dw12_reg.o
                0x080036a4                lis2dw12_read_reg
 .text.lis2dw12_write_reg
                0x080036d4       0x30 ./Drivers/BSP/Components/lis2dw12/lis2dw12_reg.o
                0x080036d4                lis2dw12_write_reg
 .text.lis2dw12_power_mode_set
                0x08003704       0x9c ./Drivers/BSP/Components/lis2dw12/lis2dw12_reg.o
                0x08003704                lis2dw12_power_mode_set
 .text.lis2dw12_power_mode_get
                0x080037a0      0x174 ./Drivers/BSP/Components/lis2dw12/lis2dw12_reg.o
                0x080037a0                lis2dw12_power_mode_get
 .text.lis2dw12_data_rate_set
                0x08003914       0x8a ./Drivers/BSP/Components/lis2dw12/lis2dw12_reg.o
                0x08003914                lis2dw12_data_rate_set
 *fill*         0x0800399e        0x2 
 .text.lis2dw12_data_rate_get
                0x080039a0      0x194 ./Drivers/BSP/Components/lis2dw12/lis2dw12_reg.o
                0x080039a0                lis2dw12_data_rate_get
 .text.lis2dw12_block_data_update_set
                0x08003b34       0x4c ./Drivers/BSP/Components/lis2dw12/lis2dw12_reg.o
                0x08003b34                lis2dw12_block_data_update_set
 .text.lis2dw12_full_scale_set
                0x08003b80       0x4c ./Drivers/BSP/Components/lis2dw12/lis2dw12_reg.o
                0x08003b80                lis2dw12_full_scale_set
 .text.lis2dw12_full_scale_get
                0x08003bcc       0x70 ./Drivers/BSP/Components/lis2dw12/lis2dw12_reg.o
                0x08003bcc                lis2dw12_full_scale_get
 .text.lis2dw12_acceleration_raw_get
                0x08003c3c       0x90 ./Drivers/BSP/Components/lis2dw12/lis2dw12_reg.o
                0x08003c3c                lis2dw12_acceleration_raw_get
 .text.lis2dw12_device_id_get
                0x08003ccc       0x22 ./Drivers/BSP/Components/lis2dw12/lis2dw12_reg.o
                0x08003ccc                lis2dw12_device_id_get
 .text.lis2dw12_auto_increment_set
                0x08003cee       0x4c ./Drivers/BSP/Components/lis2dw12/lis2dw12_reg.o
                0x08003cee                lis2dw12_auto_increment_set
 .text.lis2dw12_fifo_mode_set
                0x08003d3a       0x4c ./Drivers/BSP/Components/lis2dw12/lis2dw12_reg.o
                0x08003d3a                lis2dw12_fifo_mode_set
 *fill*         0x08003d86        0x2 
 .text.LIS2MDL_RegisterBusIO
                0x08003d88      0x100 ./Drivers/BSP/Components/lis2mdl/lis2mdl.o
                0x08003d88                LIS2MDL_RegisterBusIO
 .text.LIS2MDL_Init
                0x08003e88      0x10c ./Drivers/BSP/Components/lis2mdl/lis2mdl.o
                0x08003e88                LIS2MDL_Init
 .text.LIS2MDL_DeInit
                0x08003f94       0x2c ./Drivers/BSP/Components/lis2mdl/lis2mdl.o
                0x08003f94                LIS2MDL_DeInit
 .text.LIS2MDL_ReadID
                0x08003fc0       0x4c ./Drivers/BSP/Components/lis2mdl/lis2mdl.o
                0x08003fc0                LIS2MDL_ReadID
 .text.LIS2MDL_GetCapabilities
                0x0800400c       0x5c ./Drivers/BSP/Components/lis2mdl/lis2mdl.o
                0x0800400c                LIS2MDL_GetCapabilities
 .text.LIS2MDL_MAG_Enable
                0x08004068       0x84 ./Drivers/BSP/Components/lis2mdl/lis2mdl.o
                0x08004068                LIS2MDL_MAG_Enable
 .text.LIS2MDL_MAG_Disable
                0x080040ec       0x86 ./Drivers/BSP/Components/lis2mdl/lis2mdl.o
                0x080040ec                LIS2MDL_MAG_Disable
 .text.LIS2MDL_MAG_GetSensitivity
                0x08004172       0x1e ./Drivers/BSP/Components/lis2mdl/lis2mdl.o
                0x08004172                LIS2MDL_MAG_GetSensitivity
 .text.LIS2MDL_MAG_GetOutputDataRate
                0x08004190       0x8c ./Drivers/BSP/Components/lis2mdl/lis2mdl.o
                0x08004190                LIS2MDL_MAG_GetOutputDataRate
 .text.LIS2MDL_MAG_SetOutputDataRate
                0x0800421c       0xc0 ./Drivers/BSP/Components/lis2mdl/lis2mdl.o
                0x0800421c                LIS2MDL_MAG_SetOutputDataRate
 .text.LIS2MDL_MAG_GetFullScale
                0x080042dc       0x1c ./Drivers/BSP/Components/lis2mdl/lis2mdl.o
                0x080042dc                LIS2MDL_MAG_GetFullScale
 .text.LIS2MDL_MAG_SetFullScale
                0x080042f8       0x16 ./Drivers/BSP/Components/lis2mdl/lis2mdl.o
                0x080042f8                LIS2MDL_MAG_SetFullScale
 .text.LIS2MDL_MAG_GetAxesRaw
                0x0800430e       0x48 ./Drivers/BSP/Components/lis2mdl/lis2mdl.o
                0x0800430e                LIS2MDL_MAG_GetAxesRaw
 .text.LIS2MDL_MAG_GetAxes
                0x08004356      0x120 ./Drivers/BSP/Components/lis2mdl/lis2mdl.o
                0x08004356                LIS2MDL_MAG_GetAxes
 .text.LIS2MDL_Write_Reg
                0x08004476       0x56 ./Drivers/BSP/Components/lis2mdl/lis2mdl.o
                0x08004476                LIS2MDL_Write_Reg
 .text.ReadMagRegWrap
                0x080044cc       0x82 ./Drivers/BSP/Components/lis2mdl/lis2mdl.o
 .text.WriteMagRegWrap
                0x0800454e       0x82 ./Drivers/BSP/Components/lis2mdl/lis2mdl.o
 .text.LSM6DSOX_SENSORHUB_LIS2MDL_ReadShData
                0x080045d0      0x27e ./Drivers/BSP/Components/lis2mdl/lis2mdl.o
 .text.LSM6DSOX_SENSORHUB_LIS2MDL_WriteShData
                0x0800484e      0x23c ./Drivers/BSP/Components/lis2mdl/lis2mdl.o
 .text.lis2mdl_read_reg
                0x08004a8a       0x30 ./Drivers/BSP/Components/lis2mdl/lis2mdl_reg.o
                0x08004a8a                lis2mdl_read_reg
 .text.lis2mdl_write_reg
                0x08004aba       0x30 ./Drivers/BSP/Components/lis2mdl/lis2mdl_reg.o
                0x08004aba                lis2mdl_write_reg
 .text.lis2mdl_operating_mode_set
                0x08004aea       0x4c ./Drivers/BSP/Components/lis2mdl/lis2mdl_reg.o
                0x08004aea                lis2mdl_operating_mode_set
 .text.lis2mdl_data_rate_set
                0x08004b36       0x4c ./Drivers/BSP/Components/lis2mdl/lis2mdl_reg.o
                0x08004b36                lis2mdl_data_rate_set
 *fill*         0x08004b82        0x2 
 .text.lis2mdl_data_rate_get
                0x08004b84       0x70 ./Drivers/BSP/Components/lis2mdl/lis2mdl_reg.o
                0x08004b84                lis2mdl_data_rate_get
 .text.lis2mdl_block_data_update_set
                0x08004bf4       0x4c ./Drivers/BSP/Components/lis2mdl/lis2mdl_reg.o
                0x08004bf4                lis2mdl_block_data_update_set
 .text.lis2mdl_magnetic_raw_get
                0x08004c40       0x90 ./Drivers/BSP/Components/lis2mdl/lis2mdl_reg.o
                0x08004c40                lis2mdl_magnetic_raw_get
 .text.lis2mdl_device_id_get
                0x08004cd0       0x22 ./Drivers/BSP/Components/lis2mdl/lis2mdl_reg.o
                0x08004cd0                lis2mdl_device_id_get
 .text.lis2mdl_self_test_set
                0x08004cf2       0x4c ./Drivers/BSP/Components/lis2mdl/lis2mdl_reg.o
                0x08004cf2                lis2mdl_self_test_set
 .text.lis2mdl_i2c_interface_set
                0x08004d3e       0x4c ./Drivers/BSP/Components/lis2mdl/lis2mdl_reg.o
                0x08004d3e                lis2mdl_i2c_interface_set
 *fill*         0x08004d8a        0x2 
 .text.LPS22HH_RegisterBusIO
                0x08004d8c       0xd4 ./Drivers/BSP/Components/lps22hh/lps22hh.o
                0x08004d8c                LPS22HH_RegisterBusIO
 .text.LPS22HH_Init
                0x08004e60       0x36 ./Drivers/BSP/Components/lps22hh/lps22hh.o
                0x08004e60                LPS22HH_Init
 .text.LPS22HH_DeInit
                0x08004e96       0x48 ./Drivers/BSP/Components/lps22hh/lps22hh.o
                0x08004e96                LPS22HH_DeInit
 .text.LPS22HH_ReadID
                0x08004ede       0x2c ./Drivers/BSP/Components/lps22hh/lps22hh.o
                0x08004ede                LPS22HH_ReadID
 *fill*         0x08004f0a        0x2 
 .text.LPS22HH_GetCapabilities
                0x08004f0c       0x54 ./Drivers/BSP/Components/lps22hh/lps22hh.o
                0x08004f0c                LPS22HH_GetCapabilities
 .text.LPS22HH_PRESS_Enable
                0x08004f60       0x48 ./Drivers/BSP/Components/lps22hh/lps22hh.o
                0x08004f60                LPS22HH_PRESS_Enable
 .text.LPS22HH_PRESS_Disable
                0x08004fa8       0x68 ./Drivers/BSP/Components/lps22hh/lps22hh.o
                0x08004fa8                LPS22HH_PRESS_Disable
 .text.LPS22HH_PRESS_GetOutputDataRate
                0x08005010       0x1c ./Drivers/BSP/Components/lps22hh/lps22hh.o
                0x08005010                LPS22HH_PRESS_GetOutputDataRate
 .text.LPS22HH_PRESS_SetOutputDataRate
                0x0800502c       0x32 ./Drivers/BSP/Components/lps22hh/lps22hh.o
                0x0800502c                LPS22HH_PRESS_SetOutputDataRate
 .text.LPS22HH_PRESS_GetPressure
                0x0800505e       0x4c ./Drivers/BSP/Components/lps22hh/lps22hh.o
                0x0800505e                LPS22HH_PRESS_GetPressure
 .text.LPS22HH_TEMP_Enable
                0x080050aa       0x48 ./Drivers/BSP/Components/lps22hh/lps22hh.o
                0x080050aa                LPS22HH_TEMP_Enable
 .text.LPS22HH_TEMP_Disable
                0x080050f2       0x68 ./Drivers/BSP/Components/lps22hh/lps22hh.o
                0x080050f2                LPS22HH_TEMP_Disable
 .text.LPS22HH_TEMP_GetOutputDataRate
                0x0800515a       0x1c ./Drivers/BSP/Components/lps22hh/lps22hh.o
                0x0800515a                LPS22HH_TEMP_GetOutputDataRate
 .text.LPS22HH_TEMP_SetOutputDataRate
                0x08005176       0x32 ./Drivers/BSP/Components/lps22hh/lps22hh.o
                0x08005176                LPS22HH_TEMP_SetOutputDataRate
 .text.LPS22HH_TEMP_GetTemperature
                0x080051a8       0x4e ./Drivers/BSP/Components/lps22hh/lps22hh.o
                0x080051a8                LPS22HH_TEMP_GetTemperature
 .text.LPS22HH_Write_Reg
                0x080051f6       0x36 ./Drivers/BSP/Components/lps22hh/lps22hh.o
                0x080051f6                LPS22HH_Write_Reg
 .text.LPS22HH_GetOutputDataRate
                0x0800522c      0x100 ./Drivers/BSP/Components/lps22hh/lps22hh.o
 .text.LPS22HH_SetOutputDataRate_When_Enabled
                0x0800532c       0xd4 ./Drivers/BSP/Components/lps22hh/lps22hh.o
 .text.LPS22HH_SetOutputDataRate_When_Disabled
                0x08005400       0xa0 ./Drivers/BSP/Components/lps22hh/lps22hh.o
 .text.LPS22HH_Initialize
                0x080054a0       0x9a ./Drivers/BSP/Components/lps22hh/lps22hh.o
 .text.ReadRegWrap
                0x0800553a       0x36 ./Drivers/BSP/Components/lps22hh/lps22hh.o
 .text.WriteRegWrap
                0x08005570       0x36 ./Drivers/BSP/Components/lps22hh/lps22hh.o
 .text.lps22hh_read_reg
                0x080055a6       0x30 ./Drivers/BSP/Components/lps22hh/lps22hh_reg.o
                0x080055a6                lps22hh_read_reg
 .text.lps22hh_write_reg
                0x080055d6       0x30 ./Drivers/BSP/Components/lps22hh/lps22hh_reg.o
                0x080055d6                lps22hh_write_reg
 .text.lps22hh_from_lsb_to_hpa
                0x08005606       0x24 ./Drivers/BSP/Components/lps22hh/lps22hh_reg.o
                0x08005606                lps22hh_from_lsb_to_hpa
 *fill*         0x0800562a        0x2 
 .text.lps22hh_from_lsb_to_celsius
                0x0800562c       0x2c ./Drivers/BSP/Components/lps22hh/lps22hh_reg.o
                0x0800562c                lps22hh_from_lsb_to_celsius
 .text.lps22hh_block_data_update_set
                0x08005658       0x4c ./Drivers/BSP/Components/lps22hh/lps22hh_reg.o
                0x08005658                lps22hh_block_data_update_set
 .text.lps22hh_data_rate_set
                0x080056a4       0x9c ./Drivers/BSP/Components/lps22hh/lps22hh_reg.o
                0x080056a4                lps22hh_data_rate_set
 .text.lps22hh_data_rate_get
                0x08005740      0x150 ./Drivers/BSP/Components/lps22hh/lps22hh_reg.o
                0x08005740                lps22hh_data_rate_get
 .text.lps22hh_pressure_raw_get
                0x08005890       0x52 ./Drivers/BSP/Components/lps22hh/lps22hh_reg.o
                0x08005890                lps22hh_pressure_raw_get
 .text.lps22hh_temperature_raw_get
                0x080058e2       0x44 ./Drivers/BSP/Components/lps22hh/lps22hh_reg.o
                0x080058e2                lps22hh_temperature_raw_get
 .text.lps22hh_device_id_get
                0x08005926       0x22 ./Drivers/BSP/Components/lps22hh/lps22hh_reg.o
                0x08005926                lps22hh_device_id_get
 .text.lps22hh_auto_increment_set
                0x08005948       0x4c ./Drivers/BSP/Components/lps22hh/lps22hh_reg.o
                0x08005948                lps22hh_auto_increment_set
 .text.lps22hh_lp_bandwidth_set
                0x08005994       0x4c ./Drivers/BSP/Components/lps22hh/lps22hh_reg.o
                0x08005994                lps22hh_lp_bandwidth_set
 .text.lps22hh_i3c_interface_set
                0x080059e0       0x5e ./Drivers/BSP/Components/lps22hh/lps22hh_reg.o
                0x080059e0                lps22hh_i3c_interface_set
 *fill*         0x08005a3e        0x2 
 .text.LSM6DSO_RegisterBusIO
                0x08005a40       0xd4 ./Drivers/BSP/Components/lsm6dso/lsm6dso.o
                0x08005a40                LSM6DSO_RegisterBusIO
 .text.LSM6DSO_Init
                0x08005b14      0x106 ./Drivers/BSP/Components/lsm6dso/lsm6dso.o
                0x08005b14                LSM6DSO_Init
 .text.LSM6DSO_DeInit
                0x08005c1a       0x4e ./Drivers/BSP/Components/lsm6dso/lsm6dso.o
                0x08005c1a                LSM6DSO_DeInit
 .text.LSM6DSO_ReadID
                0x08005c68       0x2c ./Drivers/BSP/Components/lsm6dso/lsm6dso.o
                0x08005c68                LSM6DSO_ReadID
 .text.LSM6DSO_GetCapabilities
                0x08005c94       0x5c ./Drivers/BSP/Components/lsm6dso/lsm6dso.o
                0x08005c94                LSM6DSO_GetCapabilities
 .text.LSM6DSO_ACC_Enable
                0x08005cf0       0x48 ./Drivers/BSP/Components/lsm6dso/lsm6dso.o
                0x08005cf0                LSM6DSO_ACC_Enable
 .text.LSM6DSO_ACC_Disable
                0x08005d38       0x5e ./Drivers/BSP/Components/lsm6dso/lsm6dso.o
                0x08005d38                LSM6DSO_ACC_Disable
 *fill*         0x08005d96        0x2 
 .text.LSM6DSO_ACC_GetSensitivity
                0x08005d98       0x8c ./Drivers/BSP/Components/lsm6dso/lsm6dso.o
                0x08005d98                LSM6DSO_ACC_GetSensitivity
 .text.LSM6DSO_ACC_GetOutputDataRate
                0x08005e24      0x108 ./Drivers/BSP/Components/lsm6dso/lsm6dso.o
                0x08005e24                LSM6DSO_ACC_GetOutputDataRate
 .text.LSM6DSO_ACC_SetOutputDataRate
                0x08005f2c       0x1e ./Drivers/BSP/Components/lsm6dso/lsm6dso.o
                0x08005f2c                LSM6DSO_ACC_SetOutputDataRate
 *fill*         0x08005f4a        0x2 
 .text.LSM6DSO_ACC_SetOutputDataRate_With_Mode
                0x08005f4c      0x328 ./Drivers/BSP/Components/lsm6dso/lsm6dso.o
                0x08005f4c                LSM6DSO_ACC_SetOutputDataRate_With_Mode
 .text.LSM6DSO_ACC_GetFullScale
                0x08006274       0x7c ./Drivers/BSP/Components/lsm6dso/lsm6dso.o
                0x08006274                LSM6DSO_ACC_GetFullScale
 .text.LSM6DSO_ACC_SetFullScale
                0x080062f0       0x50 ./Drivers/BSP/Components/lsm6dso/lsm6dso.o
                0x080062f0                LSM6DSO_ACC_SetFullScale
 .text.LSM6DSO_ACC_GetAxesRaw
                0x08006340       0x48 ./Drivers/BSP/Components/lsm6dso/lsm6dso.o
                0x08006340                LSM6DSO_ACC_GetAxesRaw
 .text.LSM6DSO_ACC_GetAxes
                0x08006388       0xba ./Drivers/BSP/Components/lsm6dso/lsm6dso.o
                0x08006388                LSM6DSO_ACC_GetAxes
 .text.LSM6DSO_GYRO_Enable
                0x08006442       0x48 ./Drivers/BSP/Components/lsm6dso/lsm6dso.o
                0x08006442                LSM6DSO_GYRO_Enable
 .text.LSM6DSO_GYRO_Disable
                0x0800648a       0x5e ./Drivers/BSP/Components/lsm6dso/lsm6dso.o
                0x0800648a                LSM6DSO_GYRO_Disable
 .text.LSM6DSO_GYRO_GetSensitivity
                0x080064e8       0xa4 ./Drivers/BSP/Components/lsm6dso/lsm6dso.o
                0x080064e8                LSM6DSO_GYRO_GetSensitivity
 .text.LSM6DSO_GYRO_GetOutputDataRate
                0x0800658c       0xf8 ./Drivers/BSP/Components/lsm6dso/lsm6dso.o
                0x0800658c                LSM6DSO_GYRO_GetOutputDataRate
 .text.LSM6DSO_GYRO_SetOutputDataRate
                0x08006684       0x1e ./Drivers/BSP/Components/lsm6dso/lsm6dso.o
                0x08006684                LSM6DSO_GYRO_SetOutputDataRate
 *fill*         0x080066a2        0x2 
 .text.LSM6DSO_GYRO_SetOutputDataRate_With_Mode
                0x080066a4      0x120 ./Drivers/BSP/Components/lsm6dso/lsm6dso.o
                0x080066a4                LSM6DSO_GYRO_SetOutputDataRate_With_Mode
 .text.LSM6DSO_GYRO_GetFullScale
                0x080067c4       0x94 ./Drivers/BSP/Components/lsm6dso/lsm6dso.o
                0x080067c4                LSM6DSO_GYRO_GetFullScale
 .text.LSM6DSO_GYRO_SetFullScale
                0x08006858       0x5e ./Drivers/BSP/Components/lsm6dso/lsm6dso.o
                0x08006858                LSM6DSO_GYRO_SetFullScale
 .text.LSM6DSO_GYRO_GetAxesRaw
                0x080068b6       0x48 ./Drivers/BSP/Components/lsm6dso/lsm6dso.o
                0x080068b6                LSM6DSO_GYRO_GetAxesRaw
 .text.LSM6DSO_GYRO_GetAxes
                0x080068fe       0xba ./Drivers/BSP/Components/lsm6dso/lsm6dso.o
                0x080068fe                LSM6DSO_GYRO_GetAxes
 .text.LSM6DSO_Write_Reg
                0x080069b8       0x36 ./Drivers/BSP/Components/lsm6dso/lsm6dso.o
                0x080069b8                LSM6DSO_Write_Reg
 .text.LSM6DSO_Set_Mem_Bank
                0x080069ee       0x4c ./Drivers/BSP/Components/lsm6dso/lsm6dso.o
                0x080069ee                LSM6DSO_Set_Mem_Bank
 *fill*         0x08006a3a        0x2 
 .text.LSM6DSO_ACC_SetOutputDataRate_When_Enabled
                0x08006a3c      0x110 ./Drivers/BSP/Components/lsm6dso/lsm6dso.o
 .text.LSM6DSO_ACC_SetOutputDataRate_When_Disabled
                0x08006b4c       0xf8 ./Drivers/BSP/Components/lsm6dso/lsm6dso.o
 .text.LSM6DSO_GYRO_SetOutputDataRate_When_Enabled
                0x08006c44       0xf8 ./Drivers/BSP/Components/lsm6dso/lsm6dso.o
 .text.LSM6DSO_GYRO_SetOutputDataRate_When_Disabled
                0x08006d3c       0xe4 ./Drivers/BSP/Components/lsm6dso/lsm6dso.o
 .text.ReadRegWrap
                0x08006e20       0x36 ./Drivers/BSP/Components/lsm6dso/lsm6dso.o
 .text.WriteRegWrap
                0x08006e56       0x36 ./Drivers/BSP/Components/lsm6dso/lsm6dso.o
 .text.lsm6dso_read_reg
                0x08006e8c       0x30 ./Drivers/BSP/Components/lsm6dso/lsm6dso_reg.o
                0x08006e8c                lsm6dso_read_reg
 .text.lsm6dso_write_reg
                0x08006ebc       0x30 ./Drivers/BSP/Components/lsm6dso/lsm6dso_reg.o
                0x08006ebc                lsm6dso_write_reg
 .text.lsm6dso_xl_full_scale_set
                0x08006eec       0x4c ./Drivers/BSP/Components/lsm6dso/lsm6dso_reg.o
                0x08006eec                lsm6dso_xl_full_scale_set
 .text.lsm6dso_xl_full_scale_get
                0x08006f38       0x70 ./Drivers/BSP/Components/lsm6dso/lsm6dso_reg.o
                0x08006f38                lsm6dso_xl_full_scale_get
 .text.lsm6dso_xl_data_rate_set
                0x08006fa8      0x1f4 ./Drivers/BSP/Components/lsm6dso/lsm6dso_reg.o
                0x08006fa8                lsm6dso_xl_data_rate_set
 .text.lsm6dso_xl_data_rate_get
                0x0800719c       0xd0 ./Drivers/BSP/Components/lsm6dso/lsm6dso_reg.o
                0x0800719c                lsm6dso_xl_data_rate_get
 .text.lsm6dso_gy_full_scale_set
                0x0800726c       0x4c ./Drivers/BSP/Components/lsm6dso/lsm6dso_reg.o
                0x0800726c                lsm6dso_gy_full_scale_set
 .text.lsm6dso_gy_full_scale_get
                0x080072b8       0x84 ./Drivers/BSP/Components/lsm6dso/lsm6dso_reg.o
                0x080072b8                lsm6dso_gy_full_scale_get
 .text.lsm6dso_gy_data_rate_set
                0x0800733c      0x1f4 ./Drivers/BSP/Components/lsm6dso/lsm6dso_reg.o
                0x0800733c                lsm6dso_gy_data_rate_set
 .text.lsm6dso_gy_data_rate_get
                0x08007530       0xc4 ./Drivers/BSP/Components/lsm6dso/lsm6dso_reg.o
                0x08007530                lsm6dso_gy_data_rate_get
 .text.lsm6dso_block_data_update_set
                0x080075f4       0x4c ./Drivers/BSP/Components/lsm6dso/lsm6dso_reg.o
                0x080075f4                lsm6dso_block_data_update_set
 .text.lsm6dso_angular_rate_raw_get
                0x08007640       0x90 ./Drivers/BSP/Components/lsm6dso/lsm6dso_reg.o
                0x08007640                lsm6dso_angular_rate_raw_get
 .text.lsm6dso_acceleration_raw_get
                0x080076d0       0x90 ./Drivers/BSP/Components/lsm6dso/lsm6dso_reg.o
                0x080076d0                lsm6dso_acceleration_raw_get
 .text.lsm6dso_mem_bank_set
                0x08007760       0x3a ./Drivers/BSP/Components/lsm6dso/lsm6dso_reg.o
                0x08007760                lsm6dso_mem_bank_set
 .text.lsm6dso_device_id_get
                0x0800779a       0x22 ./Drivers/BSP/Components/lsm6dso/lsm6dso_reg.o
                0x0800779a                lsm6dso_device_id_get
 .text.lsm6dso_auto_increment_set
                0x080077bc       0x4c ./Drivers/BSP/Components/lsm6dso/lsm6dso_reg.o
                0x080077bc                lsm6dso_auto_increment_set
 .text.lsm6dso_i3c_disable_set
                0x08007808       0x90 ./Drivers/BSP/Components/lsm6dso/lsm6dso_reg.o
                0x08007808                lsm6dso_i3c_disable_set
 .text.lsm6dso_fifo_mode_set
                0x08007898       0x4c ./Drivers/BSP/Components/lsm6dso/lsm6dso_reg.o
                0x08007898                lsm6dso_fifo_mode_set
 .text.lsm6dso_fsm_enable_get
                0x080078e4       0x42 ./Drivers/BSP/Components/lsm6dso/lsm6dso_reg.o
                0x080078e4                lsm6dso_fsm_enable_get
 *fill*         0x08007926        0x2 
 .text.lsm6dso_fsm_data_rate_get
                0x08007928       0x9c ./Drivers/BSP/Components/lsm6dso/lsm6dso_reg.o
                0x08007928                lsm6dso_fsm_data_rate_get
 .text.STTS751_RegisterBusIO
                0x080079c4       0x94 ./Drivers/BSP/Components/stts751/stts751.o
                0x080079c4                STTS751_RegisterBusIO
 .text.STTS751_Init
                0x08007a58       0x74 ./Drivers/BSP/Components/stts751/stts751.o
                0x08007a58                STTS751_Init
 .text.STTS751_DeInit
                0x08007acc       0x36 ./Drivers/BSP/Components/stts751/stts751.o
                0x08007acc                STTS751_DeInit
 .text.STTS751_ReadID
                0x08007b02       0x36 ./Drivers/BSP/Components/stts751/stts751.o
                0x08007b02                STTS751_ReadID
 .text.STTS751_GetCapabilities
                0x08007b38       0x54 ./Drivers/BSP/Components/stts751/stts751.o
                0x08007b38                STTS751_GetCapabilities
 .text.STTS751_TEMP_Enable
                0x08007b8c       0x40 ./Drivers/BSP/Components/stts751/stts751.o
                0x08007b8c                STTS751_TEMP_Enable
 .text.STTS751_TEMP_Disable
                0x08007bcc       0x58 ./Drivers/BSP/Components/stts751/stts751.o
                0x08007bcc                STTS751_TEMP_Disable
 .text.STTS751_TEMP_GetOutputDataRate
                0x08007c24       0xf4 ./Drivers/BSP/Components/stts751/stts751.o
                0x08007c24                STTS751_TEMP_GetOutputDataRate
 .text.STTS751_TEMP_SetOutputDataRate
                0x08007d18      0x164 ./Drivers/BSP/Components/stts751/stts751.o
                0x08007d18                STTS751_TEMP_SetOutputDataRate
 .text.STTS751_TEMP_GetTemperature
                0x08007e7c       0x40 ./Drivers/BSP/Components/stts751/stts751.o
                0x08007e7c                STTS751_TEMP_GetTemperature
 .text.ReadRegWrap
                0x08007ebc       0x6e ./Drivers/BSP/Components/stts751/stts751.o
 .text.WriteRegWrap
                0x08007f2a       0x6e ./Drivers/BSP/Components/stts751/stts751.o
 .text.stts751_read_reg
                0x08007f98       0x30 ./Drivers/BSP/Components/stts751/stts751_reg.o
                0x08007f98                stts751_read_reg
 .text.stts751_write_reg
                0x08007fc8       0x30 ./Drivers/BSP/Components/stts751/stts751_reg.o
                0x08007fc8                stts751_write_reg
 .text.stts751_from_lsb_to_celsius
                0x08007ff8       0x2a ./Drivers/BSP/Components/stts751/stts751_reg.o
                0x08007ff8                stts751_from_lsb_to_celsius
 .text.stts751_temp_data_rate_set
                0x08008022       0xac ./Drivers/BSP/Components/stts751/stts751_reg.o
                0x08008022                stts751_temp_data_rate_set
 *fill*         0x080080ce        0x2 
 .text.stts751_temp_data_rate_get
                0x080080d0      0x100 ./Drivers/BSP/Components/stts751/stts751_reg.o
                0x080080d0                stts751_temp_data_rate_get
 .text.stts751_resolution_set
                0x080081d0       0x4c ./Drivers/BSP/Components/stts751/stts751_reg.o
                0x080081d0                stts751_resolution_set
 .text.stts751_resolution_get
                0x0800821c       0x70 ./Drivers/BSP/Components/stts751/stts751_reg.o
                0x0800821c                stts751_resolution_get
 .text.stts751_temperature_raw_get
                0x0800828c       0x5c ./Drivers/BSP/Components/stts751/stts751_reg.o
                0x0800828c                stts751_temperature_raw_get
 .text.stts751_pin_event_route_set
                0x080082e8       0x4c ./Drivers/BSP/Components/stts751/stts751_reg.o
                0x080082e8                stts751_pin_event_route_set
 .text.stts751_device_id_get
                0x08008334       0x4e ./Drivers/BSP/Components/stts751/stts751_reg.o
                0x08008334                stts751_device_id_get
 *fill*         0x08008382        0x2 
 .text.IKS01A3_ENV_SENSOR_Init
                0x08008384      0x21c ./Drivers/BSP/IKS01A3/iks01a3_env_sensors.o
                0x08008384                IKS01A3_ENV_SENSOR_Init
 .text.IKS01A3_ENV_SENSOR_GetValue
                0x080085a0       0x84 ./Drivers/BSP/IKS01A3/iks01a3_env_sensors.o
                0x080085a0                IKS01A3_ENV_SENSOR_GetValue
 .text.HTS221_0_Probe
                0x08008624      0x194 ./Drivers/BSP/IKS01A3/iks01a3_env_sensors.o
 .text.LPS22HH_0_Probe
                0x080087b8      0x198 ./Drivers/BSP/IKS01A3/iks01a3_env_sensors.o
 .text.STTS751_0_Probe
                0x08008950      0x164 ./Drivers/BSP/IKS01A3/iks01a3_env_sensors.o
 .text.IKS01A3_MOTION_SENSOR_Init
                0x08008ab4      0x1f8 ./Drivers/BSP/IKS01A3/iks01a3_motion_sensors.o
                0x08008ab4                IKS01A3_MOTION_SENSOR_Init
 .text.LSM6DSO_0_Probe
                0x08008cac      0x194 ./Drivers/BSP/IKS01A3/iks01a3_motion_sensors.o
 .text.LIS2DW12_0_Probe
                0x08008e40      0x150 ./Drivers/BSP/IKS01A3/iks01a3_motion_sensors.o
 .text.LIS2MDL_0_Probe
                0x08008f90      0x150 ./Drivers/BSP/IKS01A3/iks01a3_motion_sensors.o
 .text.HAL_Init
                0x080090e0       0x30 ./Drivers/STM32L1xx_HAL_Driver/Src/stm32l1xx_hal.o
                0x080090e0                HAL_Init
 .text.HAL_InitTick
                0x08009110       0x74 ./Drivers/STM32L1xx_HAL_Driver/Src/stm32l1xx_hal.o
                0x08009110                HAL_InitTick
 .text.HAL_IncTick
                0x08009184       0x24 ./Drivers/STM32L1xx_HAL_Driver/Src/stm32l1xx_hal.o
                0x08009184                HAL_IncTick
 .text.HAL_GetTick
                0x080091a8       0x14 ./Drivers/STM32L1xx_HAL_Driver/Src/stm32l1xx_hal.o
                0x080091a8                HAL_GetTick
 .text.HAL_Delay
                0x080091bc       0x44 ./Drivers/STM32L1xx_HAL_Driver/Src/stm32l1xx_hal.o
                0x080091bc                HAL_Delay
 .text.__NVIC_SetPriorityGrouping
                0x08009200       0x48 ./Drivers/STM32L1xx_HAL_Driver/Src/stm32l1xx_hal_cortex.o
 .text.__NVIC_GetPriorityGrouping
                0x08009248       0x1c ./Drivers/STM32L1xx_HAL_Driver/Src/stm32l1xx_hal_cortex.o
 .text.__NVIC_SetPriority
                0x08009264       0x54 ./Drivers/STM32L1xx_HAL_Driver/Src/stm32l1xx_hal_cortex.o
 .text.NVIC_EncodePriority
                0x080092b8       0x64 ./Drivers/STM32L1xx_HAL_Driver/Src/stm32l1xx_hal_cortex.o
 .text.SysTick_Config
                0x0800931c       0x44 ./Drivers/STM32L1xx_HAL_Driver/Src/stm32l1xx_hal_cortex.o
 .text.HAL_NVIC_SetPriorityGrouping
                0x08009360       0x16 ./Drivers/STM32L1xx_HAL_Driver/Src/stm32l1xx_hal_cortex.o
                0x08009360                HAL_NVIC_SetPriorityGrouping
 .text.HAL_NVIC_SetPriority
                0x08009376       0x38 ./Drivers/STM32L1xx_HAL_Driver/Src/stm32l1xx_hal_cortex.o
                0x08009376                HAL_NVIC_SetPriority
 .text.HAL_SYSTICK_Config
                0x080093ae       0x18 ./Drivers/STM32L1xx_HAL_Driver/Src/stm32l1xx_hal_cortex.o
                0x080093ae                HAL_SYSTICK_Config
 *fill*         0x080093c6        0x2 
 .text.HAL_GPIO_Init
                0x080093c8      0x320 ./Drivers/STM32L1xx_HAL_Driver/Src/stm32l1xx_hal_gpio.o
                0x080093c8                HAL_GPIO_Init
 .text.HAL_GPIO_DeInit
                0x080096e8      0x1e0 ./Drivers/STM32L1xx_HAL_Driver/Src/stm32l1xx_hal_gpio.o
                0x080096e8                HAL_GPIO_DeInit
 .text.HAL_GPIO_WritePin
                0x080098c8       0x30 ./Drivers/STM32L1xx_HAL_Driver/Src/stm32l1xx_hal_gpio.o
                0x080098c8                HAL_GPIO_WritePin
 .text.HAL_I2C_Init
                0x080098f8      0x288 ./Drivers/STM32L1xx_HAL_Driver/Src/stm32l1xx_hal_i2c.o
                0x080098f8                HAL_I2C_Init
 .text.HAL_I2C_DeInit
                0x08009b80       0x5e ./Drivers/STM32L1xx_HAL_Driver/Src/stm32l1xx_hal_i2c.o
                0x08009b80                HAL_I2C_DeInit
 .text.HAL_I2C_MspInit
                0x08009bde       0x12 ./Drivers/STM32L1xx_HAL_Driver/Src/stm32l1xx_hal_i2c.o
                0x08009bde                HAL_I2C_MspInit
 .text.HAL_I2C_MspDeInit
                0x08009bf0       0x12 ./Drivers/STM32L1xx_HAL_Driver/Src/stm32l1xx_hal_i2c.o
                0x08009bf0                HAL_I2C_MspDeInit
 *fill*         0x08009c02        0x2 
 .text.HAL_I2C_Mem_Write
                0x08009c04      0x1f4 ./Drivers/STM32L1xx_HAL_Driver/Src/stm32l1xx_hal_i2c.o
                0x08009c04                HAL_I2C_Mem_Write
 .text.HAL_I2C_Mem_Read
                0x08009df8      0x464 ./Drivers/STM32L1xx_HAL_Driver/Src/stm32l1xx_hal_i2c.o
                0x08009df8                HAL_I2C_Mem_Read
 .text.HAL_I2C_GetState
                0x0800a25c       0x1a ./Drivers/STM32L1xx_HAL_Driver/Src/stm32l1xx_hal_i2c.o
                0x0800a25c                HAL_I2C_GetState
 .text.HAL_I2C_GetError
                0x0800a276       0x16 ./Drivers/STM32L1xx_HAL_Driver/Src/stm32l1xx_hal_i2c.o
                0x0800a276                HAL_I2C_GetError
 .text.I2C_RequestMemoryWrite
                0x0800a28c      0x12c ./Drivers/STM32L1xx_HAL_Driver/Src/stm32l1xx_hal_i2c.o
 .text.I2C_RequestMemoryRead
                0x0800a3b8      0x1d0 ./Drivers/STM32L1xx_HAL_Driver/Src/stm32l1xx_hal_i2c.o
 .text.I2C_WaitOnFlagUntilTimeout
                0x0800a588       0xf4 ./Drivers/STM32L1xx_HAL_Driver/Src/stm32l1xx_hal_i2c.o
 .text.I2C_WaitOnMasterAddressFlagUntilTimeout
                0x0800a67c      0x140 ./Drivers/STM32L1xx_HAL_Driver/Src/stm32l1xx_hal_i2c.o
 .text.I2C_WaitOnTXEFlagUntilTimeout
                0x0800a7bc       0x90 ./Drivers/STM32L1xx_HAL_Driver/Src/stm32l1xx_hal_i2c.o
 .text.I2C_WaitOnBTFFlagUntilTimeout
                0x0800a84c       0x90 ./Drivers/STM32L1xx_HAL_Driver/Src/stm32l1xx_hal_i2c.o
 .text.I2C_WaitOnRXNEFlagUntilTimeout
                0x0800a8dc       0xba ./Drivers/STM32L1xx_HAL_Driver/Src/stm32l1xx_hal_i2c.o
 .text.I2C_IsAcknowledgeFailed
                0x0800a996       0x5c ./Drivers/STM32L1xx_HAL_Driver/Src/stm32l1xx_hal_i2c.o
 *fill*         0x0800a9f2        0x2 
 .text.HAL_RCC_OscConfig
                0x0800a9f4      0x660 ./Drivers/STM32L1xx_HAL_Driver/Src/stm32l1xx_hal_rcc.o
                0x0800a9f4                HAL_RCC_OscConfig
 .text.HAL_RCC_ClockConfig
                0x0800b054      0x268 ./Drivers/STM32L1xx_HAL_Driver/Src/stm32l1xx_hal_rcc.o
                0x0800b054                HAL_RCC_ClockConfig
 .text.HAL_RCC_GetSysClockFreq
                0x0800b2bc      0x200 ./Drivers/STM32L1xx_HAL_Driver/Src/stm32l1xx_hal_rcc.o
                0x0800b2bc                HAL_RCC_GetSysClockFreq
 .text.HAL_RCC_GetHCLKFreq
                0x0800b4bc       0x14 ./Drivers/STM32L1xx_HAL_Driver/Src/stm32l1xx_hal_rcc.o
                0x0800b4bc                HAL_RCC_GetHCLKFreq
 .text.HAL_RCC_GetPCLK1Freq
                0x0800b4d0       0x28 ./Drivers/STM32L1xx_HAL_Driver/Src/stm32l1xx_hal_rcc.o
                0x0800b4d0                HAL_RCC_GetPCLK1Freq
 .text.HAL_RCC_GetPCLK2Freq
                0x0800b4f8       0x28 ./Drivers/STM32L1xx_HAL_Driver/Src/stm32l1xx_hal_rcc.o
                0x0800b4f8                HAL_RCC_GetPCLK2Freq
 .text.RCC_SetFlashLatencyFromMSIRange
                0x0800b520       0xc0 ./Drivers/STM32L1xx_HAL_Driver/Src/stm32l1xx_hal_rcc.o
 .text.HAL_UART_Init
                0x0800b5e0       0xa0 ./Drivers/STM32L1xx_HAL_Driver/Src/stm32l1xx_hal_uart.o
                0x0800b5e0                HAL_UART_Init
 .text.HAL_UART_Transmit
                0x0800b680      0x116 ./Drivers/STM32L1xx_HAL_Driver/Src/stm32l1xx_hal_uart.o
                0x0800b680                HAL_UART_Transmit
 .text.UART_WaitOnFlagUntilTimeout
                0x0800b796       0xb2 ./Drivers/STM32L1xx_HAL_Driver/Src/stm32l1xx_hal_uart.o
 .text.UART_EndRxTransfer
                0x0800b848       0xc4 ./Drivers/STM32L1xx_HAL_Driver/Src/stm32l1xx_hal_uart.o
 .text.UART_SetConfig
                0x0800b90c      0x1c8 ./Drivers/STM32L1xx_HAL_Driver/Src/stm32l1xx_hal_uart.o
 .text.__cvt    0x0800bad4       0xc8 C:/ST/STM32CubeIDE_1.17.0/STM32CubeIDE/plugins/com.st.stm32cube.ide.mcu.externaltools.gnu-tools-for-stm32.12.3.rel1.win32_1.1.0.202410251130/tools/bin/../lib/gcc/arm-none-eabi/12.3.1/../../../../arm-none-eabi/lib/thumb/v7-m/nofp\libc_nano.a(libc_a-nano-vfprintf_float.o)
                0x0800bad4                __cvt
 .text.__exponent
                0x0800bb9c       0x74 C:/ST/STM32CubeIDE_1.17.0/STM32CubeIDE/plugins/com.st.stm32cube.ide.mcu.externaltools.gnu-tools-for-stm32.12.3.rel1.win32_1.1.0.202410251130/tools/bin/../lib/gcc/arm-none-eabi/12.3.1/../../../../arm-none-eabi/lib/thumb/v7-m/nofp\libc_nano.a(libc_a-nano-vfprintf_float.o)
                0x0800bb9c                __exponent
 .text._printf_float
                0x0800bc10      0x458 C:/ST/STM32CubeIDE_1.17.0/STM32CubeIDE/plugins/com.st.stm32cube.ide.mcu.externaltools.gnu-tools-for-stm32.12.3.rel1.win32_1.1.0.202410251130/tools/bin/../lib/gcc/arm-none-eabi/12.3.1/../../../../arm-none-eabi/lib/thumb/v7-m/nofp\libc_nano.a(libc_a-nano-vfprintf_float.o)
                0x0800bc10                _printf_float
 .text._printf_common
                0x0800c068       0xe4 C:/ST/STM32CubeIDE_1.17.0/STM32CubeIDE/plugins/com.st.stm32cube.ide.mcu.externaltools.gnu-tools-for-stm32.12.3.rel1.win32_1.1.0.202410251130/tools/bin/../lib/gcc/arm-none-eabi/12.3.1/../../../../arm-none-eabi/lib/thumb/v7-m/nofp\libc_nano.a(libc_a-nano-vfprintf_i.o)
                0x0800c068                _printf_common
 .text._printf_i
                0x0800c14c      0x240 C:/ST/STM32CubeIDE_1.17.0/STM32CubeIDE/plugins/com.st.stm32cube.ide.mcu.externaltools.gnu-tools-for-stm32.12.3.rel1.win32_1.1.0.202410251130/tools/bin/../lib/gcc/arm-none-eabi/12.3.1/../../../../arm-none-eabi/lib/thumb/v7-m/nofp\libc_nano.a(libc_a-nano-vfprintf_i.o)
                0x0800c14c                _printf_i
 .text.std      0x0800c38c       0x6c C:/ST/STM32CubeIDE_1.17.0/STM32CubeIDE/plugins/com.st.stm32cube.ide.mcu.externaltools.gnu-tools-for-stm32.12.3.rel1.win32_1.1.0.202410251130/tools/bin/../lib/gcc/arm-none-eabi/12.3.1/../../../../arm-none-eabi/lib/thumb/v7-m/nofp\libc_nano.a(libc_a-findfp.o)
 .text.stdio_exit_handler
                0x0800c3f8       0x18 C:/ST/STM32CubeIDE_1.17.0/STM32CubeIDE/plugins/com.st.stm32cube.ide.mcu.externaltools.gnu-tools-for-stm32.12.3.rel1.win32_1.1.0.202410251130/tools/bin/../lib/gcc/arm-none-eabi/12.3.1/../../../../arm-none-eabi/lib/thumb/v7-m/nofp\libc_nano.a(libc_a-findfp.o)
 .text.cleanup_stdio
                0x0800c410       0x40 C:/ST/STM32CubeIDE_1.17.0/STM32CubeIDE/plugins/com.st.stm32cube.ide.mcu.externaltools.gnu-tools-for-stm32.12.3.rel1.win32_1.1.0.202410251130/tools/bin/../lib/gcc/arm-none-eabi/12.3.1/../../../../arm-none-eabi/lib/thumb/v7-m/nofp\libc_nano.a(libc_a-findfp.o)
 .text.global_stdio_init.part.0
                0x0800c450       0x3c C:/ST/STM32CubeIDE_1.17.0/STM32CubeIDE/plugins/com.st.stm32cube.ide.mcu.externaltools.gnu-tools-for-stm32.12.3.rel1.win32_1.1.0.202410251130/tools/bin/../lib/gcc/arm-none-eabi/12.3.1/../../../../arm-none-eabi/lib/thumb/v7-m/nofp\libc_nano.a(libc_a-findfp.o)
 .text.__sfp_lock_acquire
                0x0800c48c        0xc C:/ST/STM32CubeIDE_1.17.0/STM32CubeIDE/plugins/com.st.stm32cube.ide.mcu.externaltools.gnu-tools-for-stm32.12.3.rel1.win32_1.1.0.202410251130/tools/bin/../lib/gcc/arm-none-eabi/12.3.1/../../../../arm-none-eabi/lib/thumb/v7-m/nofp\libc_nano.a(libc_a-findfp.o)
                0x0800c48c                __sfp_lock_acquire
 .text.__sfp_lock_release
                0x0800c498        0xc C:/ST/STM32CubeIDE_1.17.0/STM32CubeIDE/plugins/com.st.stm32cube.ide.mcu.externaltools.gnu-tools-for-stm32.12.3.rel1.win32_1.1.0.202410251130/tools/bin/../lib/gcc/arm-none-eabi/12.3.1/../../../../arm-none-eabi/lib/thumb/v7-m/nofp\libc_nano.a(libc_a-findfp.o)
                0x0800c498                __sfp_lock_release
 .text.__sinit  0x0800c4a4       0x30 C:/ST/STM32CubeIDE_1.17.0/STM32CubeIDE/plugins/com.st.stm32cube.ide.mcu.externaltools.gnu-tools-for-stm32.12.3.rel1.win32_1.1.0.202410251130/tools/bin/../lib/gcc/arm-none-eabi/12.3.1/../../../../arm-none-eabi/lib/thumb/v7-m/nofp\libc_nano.a(libc_a-findfp.o)
                0x0800c4a4                __sinit
 .text._fwalk_sglue
                0x0800c4d4       0x3c C:/ST/STM32CubeIDE_1.17.0/STM32CubeIDE/plugins/com.st.stm32cube.ide.mcu.externaltools.gnu-tools-for-stm32.12.3.rel1.win32_1.1.0.202410251130/tools/bin/../lib/gcc/arm-none-eabi/12.3.1/../../../../arm-none-eabi/lib/thumb/v7-m/nofp\libc_nano.a(libc_a-fwalk.o)
                0x0800c4d4                _fwalk_sglue
 .text.printf   0x0800c510       0x24 C:/ST/STM32CubeIDE_1.17.0/STM32CubeIDE/plugins/com.st.stm32cube.ide.mcu.externaltools.gnu-tools-for-stm32.12.3.rel1.win32_1.1.0.202410251130/tools/bin/../lib/gcc/arm-none-eabi/12.3.1/../../../../arm-none-eabi/lib/thumb/v7-m/nofp\libc_nano.a(libc_a-printf.o)
                0x0800c510                iprintf
                0x0800c510                printf
 .text._puts_r  0x0800c534       0xaa C:/ST/STM32CubeIDE_1.17.0/STM32CubeIDE/plugins/com.st.stm32cube.ide.mcu.externaltools.gnu-tools-for-stm32.12.3.rel1.win32_1.1.0.202410251130/tools/bin/../lib/gcc/arm-none-eabi/12.3.1/../../../../arm-none-eabi/lib/thumb/v7-m/nofp\libc_nano.a(libc_a-puts.o)
                0x0800c534                _puts_r
 *fill*         0x0800c5de        0x2 
 .text.puts     0x0800c5e0       0x10 C:/ST/STM32CubeIDE_1.17.0/STM32CubeIDE/plugins/com.st.stm32cube.ide.mcu.externaltools.gnu-tools-for-stm32.12.3.rel1.win32_1.1.0.202410251130/tools/bin/../lib/gcc/arm-none-eabi/12.3.1/../../../../arm-none-eabi/lib/thumb/v7-m/nofp\libc_nano.a(libc_a-puts.o)
                0x0800c5e0                puts
 .text.__sread  0x0800c5f0       0x22 C:/ST/STM32CubeIDE_1.17.0/STM32CubeIDE/plugins/com.st.stm32cube.ide.mcu.externaltools.gnu-tools-for-stm32.12.3.rel1.win32_1.1.0.202410251130/tools/bin/../lib/gcc/arm-none-eabi/12.3.1/../../../../arm-none-eabi/lib/thumb/v7-m/nofp\libc_nano.a(libc_a-stdio.o)
                0x0800c5f0                __sread
 .text.__swrite
                0x0800c612       0x38 C:/ST/STM32CubeIDE_1.17.0/STM32CubeIDE/plugins/com.st.stm32cube.ide.mcu.externaltools.gnu-tools-for-stm32.12.3.rel1.win32_1.1.0.202410251130/tools/bin/../lib/gcc/arm-none-eabi/12.3.1/../../../../arm-none-eabi/lib/thumb/v7-m/nofp\libc_nano.a(libc_a-stdio.o)
                0x0800c612                __swrite
 .text.__sseek  0x0800c64a       0x24 C:/ST/STM32CubeIDE_1.17.0/STM32CubeIDE/plugins/com.st.stm32cube.ide.mcu.externaltools.gnu-tools-for-stm32.12.3.rel1.win32_1.1.0.202410251130/tools/bin/../lib/gcc/arm-none-eabi/12.3.1/../../../../arm-none-eabi/lib/thumb/v7-m/nofp\libc_nano.a(libc_a-stdio.o)
                0x0800c64a                __sseek
 .text.__sclose
                0x0800c66e        0x8 C:/ST/STM32CubeIDE_1.17.0/STM32CubeIDE/plugins/com.st.stm32cube.ide.mcu.externaltools.gnu-tools-for-stm32.12.3.rel1.win32_1.1.0.202410251130/tools/bin/../lib/gcc/arm-none-eabi/12.3.1/../../../../arm-none-eabi/lib/thumb/v7-m/nofp\libc_nano.a(libc_a-stdio.o)
                0x0800c66e                __sclose
 .text.__swbuf_r
                0x0800c676       0x7c C:/ST/STM32CubeIDE_1.17.0/STM32CubeIDE/plugins/com.st.stm32cube.ide.mcu.externaltools.gnu-tools-for-stm32.12.3.rel1.win32_1.1.0.202410251130/tools/bin/../lib/gcc/arm-none-eabi/12.3.1/../../../../arm-none-eabi/lib/thumb/v7-m/nofp\libc_nano.a(libc_a-wbuf.o)
                0x0800c676                __swbuf_r
 *fill*         0x0800c6f2        0x2 
 .text.__swsetup_r
                0x0800c6f4       0xac C:/ST/STM32CubeIDE_1.17.0/STM32CubeIDE/plugins/com.st.stm32cube.ide.mcu.externaltools.gnu-tools-for-stm32.12.3.rel1.win32_1.1.0.202410251130/tools/bin/../lib/gcc/arm-none-eabi/12.3.1/../../../../arm-none-eabi/lib/thumb/v7-m/nofp\libc_nano.a(libc_a-wsetup.o)
                0x0800c6f4                __swsetup_r
 .text.memset   0x0800c7a0       0x10 C:/ST/STM32CubeIDE_1.17.0/STM32CubeIDE/plugins/com.st.stm32cube.ide.mcu.externaltools.gnu-tools-for-stm32.12.3.rel1.win32_1.1.0.202410251130/tools/bin/../lib/gcc/arm-none-eabi/12.3.1/../../../../arm-none-eabi/lib/thumb/v7-m/nofp\libc_nano.a(libc_a-memset.o)
                0x0800c7a0                memset
 .text._localeconv_r
                0x0800c7b0        0x8 C:/ST/STM32CubeIDE_1.17.0/STM32CubeIDE/plugins/com.st.stm32cube.ide.mcu.externaltools.gnu-tools-for-stm32.12.3.rel1.win32_1.1.0.202410251130/tools/bin/../lib/gcc/arm-none-eabi/12.3.1/../../../../arm-none-eabi/lib/thumb/v7-m/nofp\libc_nano.a(libc_a-localeconv.o)
                0x0800c7b0                _localeconv_r
 .text._close_r
                0x0800c7b8       0x20 C:/ST/STM32CubeIDE_1.17.0/STM32CubeIDE/plugins/com.st.stm32cube.ide.mcu.externaltools.gnu-tools-for-stm32.12.3.rel1.win32_1.1.0.202410251130/tools/bin/../lib/gcc/arm-none-eabi/12.3.1/../../../../arm-none-eabi/lib/thumb/v7-m/nofp\libc_nano.a(libc_a-closer.o)
                0x0800c7b8                _close_r
 .text._lseek_r
                0x0800c7d8       0x24 C:/ST/STM32CubeIDE_1.17.0/STM32CubeIDE/plugins/com.st.stm32cube.ide.mcu.externaltools.gnu-tools-for-stm32.12.3.rel1.win32_1.1.0.202410251130/tools/bin/../lib/gcc/arm-none-eabi/12.3.1/../../../../arm-none-eabi/lib/thumb/v7-m/nofp\libc_nano.a(libc_a-lseekr.o)
                0x0800c7d8                _lseek_r
 .text._read_r  0x0800c7fc       0x24 C:/ST/STM32CubeIDE_1.17.0/STM32CubeIDE/plugins/com.st.stm32cube.ide.mcu.externaltools.gnu-tools-for-stm32.12.3.rel1.win32_1.1.0.202410251130/tools/bin/../lib/gcc/arm-none-eabi/12.3.1/../../../../arm-none-eabi/lib/thumb/v7-m/nofp\libc_nano.a(libc_a-readr.o)
                0x0800c7fc                _read_r
 .text._write_r
                0x0800c820       0x24 C:/ST/STM32CubeIDE_1.17.0/STM32CubeIDE/plugins/com.st.stm32cube.ide.mcu.externaltools.gnu-tools-for-stm32.12.3.rel1.win32_1.1.0.202410251130/tools/bin/../lib/gcc/arm-none-eabi/12.3.1/../../../../arm-none-eabi/lib/thumb/v7-m/nofp\libc_nano.a(libc_a-writer.o)
                0x0800c820                _write_r
 .text.__errno  0x0800c844        0xc C:/ST/STM32CubeIDE_1.17.0/STM32CubeIDE/plugins/com.st.stm32cube.ide.mcu.externaltools.gnu-tools-for-stm32.12.3.rel1.win32_1.1.0.202410251130/tools/bin/../lib/gcc/arm-none-eabi/12.3.1/../../../../arm-none-eabi/lib/thumb/v7-m/nofp\libc_nano.a(libc_a-errno.o)
                0x0800c844                __errno
 .text.__libc_init_array
                0x0800c850       0x48 C:/ST/STM32CubeIDE_1.17.0/STM32CubeIDE/plugins/com.st.stm32cube.ide.mcu.externaltools.gnu-tools-for-stm32.12.3.rel1.win32_1.1.0.202410251130/tools/bin/../lib/gcc/arm-none-eabi/12.3.1/../../../../arm-none-eabi/lib/thumb/v7-m/nofp\libc_nano.a(libc_a-init.o)
                0x0800c850                __libc_init_array
 .text.__retarget_lock_init_recursive
                0x0800c898        0x2 C:/ST/STM32CubeIDE_1.17.0/STM32CubeIDE/plugins/com.st.stm32cube.ide.mcu.externaltools.gnu-tools-for-stm32.12.3.rel1.win32_1.1.0.202410251130/tools/bin/../lib/gcc/arm-none-eabi/12.3.1/../../../../arm-none-eabi/lib/thumb/v7-m/nofp\libc_nano.a(libc_a-lock.o)
                0x0800c898                __retarget_lock_init_recursive
 .text.__retarget_lock_acquire_recursive
                0x0800c89a        0x2 C:/ST/STM32CubeIDE_1.17.0/STM32CubeIDE/plugins/com.st.stm32cube.ide.mcu.externaltools.gnu-tools-for-stm32.12.3.rel1.win32_1.1.0.202410251130/tools/bin/../lib/gcc/arm-none-eabi/12.3.1/../../../../arm-none-eabi/lib/thumb/v7-m/nofp\libc_nano.a(libc_a-lock.o)
                0x0800c89a                __retarget_lock_acquire_recursive
 .text.__retarget_lock_release_recursive
                0x0800c89c        0x2 C:/ST/STM32CubeIDE_1.17.0/STM32CubeIDE/plugins/com.st.stm32cube.ide.mcu.externaltools.gnu-tools-for-stm32.12.3.rel1.win32_1.1.0.202410251130/tools/bin/../lib/gcc/arm-none-eabi/12.3.1/../../../../arm-none-eabi/lib/thumb/v7-m/nofp\libc_nano.a(libc_a-lock.o)
                0x0800c89c                __retarget_lock_release_recursive
 .text.memchr   0x0800c89e       0x1c C:/ST/STM32CubeIDE_1.17.0/STM32CubeIDE/plugins/com.st.stm32cube.ide.mcu.externaltools.gnu-tools-for-stm32.12.3.rel1.win32_1.1.0.202410251130/tools/bin/../lib/gcc/arm-none-eabi/12.3.1/../../../../arm-none-eabi/lib/thumb/v7-m/nofp\libc_nano.a(libc_a-memchr-stub.o)
                0x0800c89e                memchr
 .text.quorem   0x0800c8ba      0x110 C:/ST/STM32CubeIDE_1.17.0/STM32CubeIDE/plugins/com.st.stm32cube.ide.mcu.externaltools.gnu-tools-for-stm32.12.3.rel1.win32_1.1.0.202410251130/tools/bin/../lib/gcc/arm-none-eabi/12.3.1/../../../../arm-none-eabi/lib/thumb/v7-m/nofp\libc_nano.a(libc_a-dtoa.o)
 *fill*         0x0800c9ca        0x6 
 .text._dtoa_r  0x0800c9d0      0xb90 C:/ST/STM32CubeIDE_1.17.0/STM32CubeIDE/plugins/com.st.stm32cube.ide.mcu.externaltools.gnu-tools-for-stm32.12.3.rel1.win32_1.1.0.202410251130/tools/bin/../lib/gcc/arm-none-eabi/12.3.1/../../../../arm-none-eabi/lib/thumb/v7-m/nofp\libc_nano.a(libc_a-dtoa.o)
                0x0800c9d0                _dtoa_r
 .text._free_r  0x0800d560       0x90 C:/ST/STM32CubeIDE_1.17.0/STM32CubeIDE/plugins/com.st.stm32cube.ide.mcu.externaltools.gnu-tools-for-stm32.12.3.rel1.win32_1.1.0.202410251130/tools/bin/../lib/gcc/arm-none-eabi/12.3.1/../../../../arm-none-eabi/lib/thumb/v7-m/nofp\libc_nano.a(libc_a-freer.o)
                0x0800d560                _free_r
 .text.malloc   0x0800d5f0       0x10 C:/ST/STM32CubeIDE_1.17.0/STM32CubeIDE/plugins/com.st.stm32cube.ide.mcu.externaltools.gnu-tools-for-stm32.12.3.rel1.win32_1.1.0.202410251130/tools/bin/../lib/gcc/arm-none-eabi/12.3.1/../../../../arm-none-eabi/lib/thumb/v7-m/nofp\libc_nano.a(libc_a-malloc.o)
                0x0800d5f0                malloc
 .text.sbrk_aligned
                0x0800d600       0x44 C:/ST/STM32CubeIDE_1.17.0/STM32CubeIDE/plugins/com.st.stm32cube.ide.mcu.externaltools.gnu-tools-for-stm32.12.3.rel1.win32_1.1.0.202410251130/tools/bin/../lib/gcc/arm-none-eabi/12.3.1/../../../../arm-none-eabi/lib/thumb/v7-m/nofp\libc_nano.a(libc_a-mallocr.o)
 .text._malloc_r
                0x0800d644      0x100 C:/ST/STM32CubeIDE_1.17.0/STM32CubeIDE/plugins/com.st.stm32cube.ide.mcu.externaltools.gnu-tools-for-stm32.12.3.rel1.win32_1.1.0.202410251130/tools/bin/../lib/gcc/arm-none-eabi/12.3.1/../../../../arm-none-eabi/lib/thumb/v7-m/nofp\libc_nano.a(libc_a-mallocr.o)
                0x0800d644                _malloc_r
 .text.__malloc_lock
                0x0800d744        0xc C:/ST/STM32CubeIDE_1.17.0/STM32CubeIDE/plugins/com.st.stm32cube.ide.mcu.externaltools.gnu-tools-for-stm32.12.3.rel1.win32_1.1.0.202410251130/tools/bin/../lib/gcc/arm-none-eabi/12.3.1/../../../../arm-none-eabi/lib/thumb/v7-m/nofp\libc_nano.a(libc_a-mlock.o)
                0x0800d744                __malloc_lock
 .text.__malloc_unlock
                0x0800d750        0xc C:/ST/STM32CubeIDE_1.17.0/STM32CubeIDE/plugins/com.st.stm32cube.ide.mcu.externaltools.gnu-tools-for-stm32.12.3.rel1.win32_1.1.0.202410251130/tools/bin/../lib/gcc/arm-none-eabi/12.3.1/../../../../arm-none-eabi/lib/thumb/v7-m/nofp\libc_nano.a(libc_a-mlock.o)
                0x0800d750                __malloc_unlock
 .text._Balloc  0x0800d75c       0x80 C:/ST/STM32CubeIDE_1.17.0/STM32CubeIDE/plugins/com.st.stm32cube.ide.mcu.externaltools.gnu-tools-for-stm32.12.3.rel1.win32_1.1.0.202410251130/tools/bin/../lib/gcc/arm-none-eabi/12.3.1/../../../../arm-none-eabi/lib/thumb/v7-m/nofp\libc_nano.a(libc_a-mprec.o)
                0x0800d75c                _Balloc
 .text._Bfree   0x0800d7dc       0x44 C:/ST/STM32CubeIDE_1.17.0/STM32CubeIDE/plugins/com.st.stm32cube.ide.mcu.externaltools.gnu-tools-for-stm32.12.3.rel1.win32_1.1.0.202410251130/tools/bin/../lib/gcc/arm-none-eabi/12.3.1/../../../../arm-none-eabi/lib/thumb/v7-m/nofp\libc_nano.a(libc_a-mprec.o)
                0x0800d7dc                _Bfree
 .text.__multadd
                0x0800d820       0x8c C:/ST/STM32CubeIDE_1.17.0/STM32CubeIDE/plugins/com.st.stm32cube.ide.mcu.externaltools.gnu-tools-for-stm32.12.3.rel1.win32_1.1.0.202410251130/tools/bin/../lib/gcc/arm-none-eabi/12.3.1/../../../../arm-none-eabi/lib/thumb/v7-m/nofp\libc_nano.a(libc_a-mprec.o)
                0x0800d820                __multadd
 .text.__hi0bits
                0x0800d8ac       0x3e C:/ST/STM32CubeIDE_1.17.0/STM32CubeIDE/plugins/com.st.stm32cube.ide.mcu.externaltools.gnu-tools-for-stm32.12.3.rel1.win32_1.1.0.202410251130/tools/bin/../lib/gcc/arm-none-eabi/12.3.1/../../../../arm-none-eabi/lib/thumb/v7-m/nofp\libc_nano.a(libc_a-mprec.o)
                0x0800d8ac                __hi0bits
 .text.__lo0bits
                0x0800d8ea       0x5a C:/ST/STM32CubeIDE_1.17.0/STM32CubeIDE/plugins/com.st.stm32cube.ide.mcu.externaltools.gnu-tools-for-stm32.12.3.rel1.win32_1.1.0.202410251130/tools/bin/../lib/gcc/arm-none-eabi/12.3.1/../../../../arm-none-eabi/lib/thumb/v7-m/nofp\libc_nano.a(libc_a-mprec.o)
                0x0800d8ea                __lo0bits
 .text.__i2b    0x0800d944       0x2c C:/ST/STM32CubeIDE_1.17.0/STM32CubeIDE/plugins/com.st.stm32cube.ide.mcu.externaltools.gnu-tools-for-stm32.12.3.rel1.win32_1.1.0.202410251130/tools/bin/../lib/gcc/arm-none-eabi/12.3.1/../../../../arm-none-eabi/lib/thumb/v7-m/nofp\libc_nano.a(libc_a-mprec.o)
                0x0800d944                __i2b
 .text.__multiply
                0x0800d970      0x150 C:/ST/STM32CubeIDE_1.17.0/STM32CubeIDE/plugins/com.st.stm32cube.ide.mcu.externaltools.gnu-tools-for-stm32.12.3.rel1.win32_1.1.0.202410251130/tools/bin/../lib/gcc/arm-none-eabi/12.3.1/../../../../arm-none-eabi/lib/thumb/v7-m/nofp\libc_nano.a(libc_a-mprec.o)
                0x0800d970                __multiply
 .text.__pow5mult
                0x0800dac0       0xb4 C:/ST/STM32CubeIDE_1.17.0/STM32CubeIDE/plugins/com.st.stm32cube.ide.mcu.externaltools.gnu-tools-for-stm32.12.3.rel1.win32_1.1.0.202410251130/tools/bin/../lib/gcc/arm-none-eabi/12.3.1/../../../../arm-none-eabi/lib/thumb/v7-m/nofp\libc_nano.a(libc_a-mprec.o)
                0x0800dac0                __pow5mult
 .text.__lshift
                0x0800db74       0xd8 C:/ST/STM32CubeIDE_1.17.0/STM32CubeIDE/plugins/com.st.stm32cube.ide.mcu.externaltools.gnu-tools-for-stm32.12.3.rel1.win32_1.1.0.202410251130/tools/bin/../lib/gcc/arm-none-eabi/12.3.1/../../../../arm-none-eabi/lib/thumb/v7-m/nofp\libc_nano.a(libc_a-mprec.o)
                0x0800db74                __lshift
 .text.__mcmp   0x0800dc4c       0x36 C:/ST/STM32CubeIDE_1.17.0/STM32CubeIDE/plugins/com.st.stm32cube.ide.mcu.externaltools.gnu-tools-for-stm32.12.3.rel1.win32_1.1.0.202410251130/tools/bin/../lib/gcc/arm-none-eabi/12.3.1/../../../../arm-none-eabi/lib/thumb/v7-m/nofp\libc_nano.a(libc_a-mprec.o)
                0x0800dc4c                __mcmp
 *fill*         0x0800dc82        0x2 
 .text.__mdiff  0x0800dc84      0x128 C:/ST/STM32CubeIDE_1.17.0/STM32CubeIDE/plugins/com.st.stm32cube.ide.mcu.externaltools.gnu-tools-for-stm32.12.3.rel1.win32_1.1.0.202410251130/tools/bin/../lib/gcc/arm-none-eabi/12.3.1/../../../../arm-none-eabi/lib/thumb/v7-m/nofp\libc_nano.a(libc_a-mprec.o)
                0x0800dc84                __mdiff
 .text.__d2b    0x0800ddac       0xb0 C:/ST/STM32CubeIDE_1.17.0/STM32CubeIDE/plugins/com.st.stm32cube.ide.mcu.externaltools.gnu-tools-for-stm32.12.3.rel1.win32_1.1.0.202410251130/tools/bin/../lib/gcc/arm-none-eabi/12.3.1/../../../../arm-none-eabi/lib/thumb/v7-m/nofp\libc_nano.a(libc_a-mprec.o)
                0x0800ddac                __d2b
 .text.__sfputc_r
                0x0800de5c       0x2a C:/ST/STM32CubeIDE_1.17.0/STM32CubeIDE/plugins/com.st.stm32cube.ide.mcu.externaltools.gnu-tools-for-stm32.12.3.rel1.win32_1.1.0.202410251130/tools/bin/../lib/gcc/arm-none-eabi/12.3.1/../../../../arm-none-eabi/lib/thumb/v7-m/nofp\libc_nano.a(libc_a-nano-vfprintf.o)
 .text.__sfputs_r
                0x0800de86       0x24 C:/ST/STM32CubeIDE_1.17.0/STM32CubeIDE/plugins/com.st.stm32cube.ide.mcu.externaltools.gnu-tools-for-stm32.12.3.rel1.win32_1.1.0.202410251130/tools/bin/../lib/gcc/arm-none-eabi/12.3.1/../../../../arm-none-eabi/lib/thumb/v7-m/nofp\libc_nano.a(libc_a-nano-vfprintf.o)
                0x0800de86                __sfputs_r
 *fill*         0x0800deaa        0x2 
 .text._vfprintf_r
                0x0800deac      0x230 C:/ST/STM32CubeIDE_1.17.0/STM32CubeIDE/plugins/com.st.stm32cube.ide.mcu.externaltools.gnu-tools-for-stm32.12.3.rel1.win32_1.1.0.202410251130/tools/bin/../lib/gcc/arm-none-eabi/12.3.1/../../../../arm-none-eabi/lib/thumb/v7-m/nofp\libc_nano.a(libc_a-nano-vfprintf.o)
                0x0800deac                _vfprintf_r
                0x0800deac                _vfiprintf_r
 .text.__sflush_r
                0x0800e0dc      0x100 C:/ST/STM32CubeIDE_1.17.0/STM32CubeIDE/plugins/com.st.stm32cube.ide.mcu.externaltools.gnu-tools-for-stm32.12.3.rel1.win32_1.1.0.202410251130/tools/bin/../lib/gcc/arm-none-eabi/12.3.1/../../../../arm-none-eabi/lib/thumb/v7-m/nofp\libc_nano.a(libc_a-fflush.o)
                0x0800e0dc                __sflush_r
 .text._fflush_r
                0x0800e1dc       0x50 C:/ST/STM32CubeIDE_1.17.0/STM32CubeIDE/plugins/com.st.stm32cube.ide.mcu.externaltools.gnu-tools-for-stm32.12.3.rel1.win32_1.1.0.202410251130/tools/bin/../lib/gcc/arm-none-eabi/12.3.1/../../../../arm-none-eabi/lib/thumb/v7-m/nofp\libc_nano.a(libc_a-fflush.o)
                0x0800e1dc                _fflush_r
 .text.__swhatbuf_r
                0x0800e22c       0x4a C:/ST/STM32CubeIDE_1.17.0/STM32CubeIDE/plugins/com.st.stm32cube.ide.mcu.externaltools.gnu-tools-for-stm32.12.3.rel1.win32_1.1.0.202410251130/tools/bin/../lib/gcc/arm-none-eabi/12.3.1/../../../../arm-none-eabi/lib/thumb/v7-m/nofp\libc_nano.a(libc_a-makebuf.o)
                0x0800e22c                __swhatbuf_r
 .text.__smakebuf_r
                0x0800e276       0x78 C:/ST/STM32CubeIDE_1.17.0/STM32CubeIDE/plugins/com.st.stm32cube.ide.mcu.externaltools.gnu-tools-for-stm32.12.3.rel1.win32_1.1.0.202410251130/tools/bin/../lib/gcc/arm-none-eabi/12.3.1/../../../../arm-none-eabi/lib/thumb/v7-m/nofp\libc_nano.a(libc_a-makebuf.o)
                0x0800e276                __smakebuf_r
 *fill*         0x0800e2ee        0x2 
 .text._fstat_r
                0x0800e2f0       0x24 C:/ST/STM32CubeIDE_1.17.0/STM32CubeIDE/plugins/com.st.stm32cube.ide.mcu.externaltools.gnu-tools-for-stm32.12.3.rel1.win32_1.1.0.202410251130/tools/bin/../lib/gcc/arm-none-eabi/12.3.1/../../../../arm-none-eabi/lib/thumb/v7-m/nofp\libc_nano.a(libc_a-fstatr.o)
                0x0800e2f0                _fstat_r
 .text._isatty_r
                0x0800e314       0x20 C:/ST/STM32CubeIDE_1.17.0/STM32CubeIDE/plugins/com.st.stm32cube.ide.mcu.externaltools.gnu-tools-for-stm32.12.3.rel1.win32_1.1.0.202410251130/tools/bin/../lib/gcc/arm-none-eabi/12.3.1/../../../../arm-none-eabi/lib/thumb/v7-m/nofp\libc_nano.a(libc_a-isattyr.o)
                0x0800e314                _isatty_r
 .text._sbrk_r  0x0800e334       0x20 C:/ST/STM32CubeIDE_1.17.0/STM32CubeIDE/plugins/com.st.stm32cube.ide.mcu.externaltools.gnu-tools-for-stm32.12.3.rel1.win32_1.1.0.202410251130/tools/bin/../lib/gcc/arm-none-eabi/12.3.1/../../../../arm-none-eabi/lib/thumb/v7-m/nofp\libc_nano.a(libc_a-sbrkr.o)
                0x0800e334                _sbrk_r
 .text.memcpy   0x0800e354       0x1c C:/ST/STM32CubeIDE_1.17.0/STM32CubeIDE/plugins/com.st.stm32cube.ide.mcu.externaltools.gnu-tools-for-stm32.12.3.rel1.win32_1.1.0.202410251130/tools/bin/../lib/gcc/arm-none-eabi/12.3.1/../../../../arm-none-eabi/lib/thumb/v7-m/nofp\libc_nano.a(libc_a-memcpy-stub.o)
                0x0800e354                memcpy
 .text.__assert_func
                0x0800e370       0x3c C:/ST/STM32CubeIDE_1.17.0/STM32CubeIDE/plugins/com.st.stm32cube.ide.mcu.externaltools.gnu-tools-for-stm32.12.3.rel1.win32_1.1.0.202410251130/tools/bin/../lib/gcc/arm-none-eabi/12.3.1/../../../../arm-none-eabi/lib/thumb/v7-m/nofp\libc_nano.a(libc_a-assert.o)
                0x0800e370                __assert_func
 .text._calloc_r
                0x0800e3ac       0x28 C:/ST/STM32CubeIDE_1.17.0/STM32CubeIDE/plugins/com.st.stm32cube.ide.mcu.externaltools.gnu-tools-for-stm32.12.3.rel1.win32_1.1.0.202410251130/tools/bin/../lib/gcc/arm-none-eabi/12.3.1/../../../../arm-none-eabi/lib/thumb/v7-m/nofp\libc_nano.a(libc_a-callocr.o)
                0x0800e3ac                _calloc_r
 .text.__ascii_mbtowc
                0x0800e3d4       0x24 C:/ST/STM32CubeIDE_1.17.0/STM32CubeIDE/plugins/com.st.stm32cube.ide.mcu.externaltools.gnu-tools-for-stm32.12.3.rel1.win32_1.1.0.202410251130/tools/bin/../lib/gcc/arm-none-eabi/12.3.1/../../../../arm-none-eabi/lib/thumb/v7-m/nofp\libc_nano.a(libc_a-mbtowc_r.o)
                0x0800e3d4                __ascii_mbtowc
 .text.__ascii_wctomb
                0x0800e3f8       0x1a C:/ST/STM32CubeIDE_1.17.0/STM32CubeIDE/plugins/com.st.stm32cube.ide.mcu.externaltools.gnu-tools-for-stm32.12.3.rel1.win32_1.1.0.202410251130/tools/bin/../lib/gcc/arm-none-eabi/12.3.1/../../../../arm-none-eabi/lib/thumb/v7-m/nofp\libc_nano.a(libc_a-wctomb_r.o)
                0x0800e3f8                __ascii_wctomb
 *fill*         0x0800e412        0x2 
 .text.fprintf  0x0800e414       0x24 C:/ST/STM32CubeIDE_1.17.0/STM32CubeIDE/plugins/com.st.stm32cube.ide.mcu.externaltools.gnu-tools-for-stm32.12.3.rel1.win32_1.1.0.202410251130/tools/bin/../lib/gcc/arm-none-eabi/12.3.1/../../../../arm-none-eabi/lib/thumb/v7-m/nofp\libc_nano.a(libc_a-fprintf.o)
                0x0800e414                fiprintf
                0x0800e414                fprintf
 .text.abort    0x0800e438        0xe C:/ST/STM32CubeIDE_1.17.0/STM32CubeIDE/plugins/com.st.stm32cube.ide.mcu.externaltools.gnu-tools-for-stm32.12.3.rel1.win32_1.1.0.202410251130/tools/bin/../lib/gcc/arm-none-eabi/12.3.1/../../../../arm-none-eabi/lib/thumb/v7-m/nofp\libc_nano.a(libc_a-abort.o)
                0x0800e438                abort
 .text._raise_r
                0x0800e446       0x50 C:/ST/STM32CubeIDE_1.17.0/STM32CubeIDE/plugins/com.st.stm32cube.ide.mcu.externaltools.gnu-tools-for-stm32.12.3.rel1.win32_1.1.0.202410251130/tools/bin/../lib/gcc/arm-none-eabi/12.3.1/../../../../arm-none-eabi/lib/thumb/v7-m/nofp\libc_nano.a(libc_a-signal.o)
                0x0800e446                _raise_r